Archive member included to satisfy reference by file (symbol)

/usr/lib/x86_64-linux-gnu/libc_nonshared.a(elf-init.oS)
                              /usr/lib/gcc/x86_64-linux-gnu/9/../../../x86_64-linux-gnu/Scrt1.o (__libc_csu_init)

Merging program properties


As-needed library included to satisfy reference by file (symbol)

libstdc++.so.6                src/state.o (std::__throw_length_error(char const*)@@GLIBCXX_3.4)
libgcc_s.so.1                 src/state.o (_Unwind_Resume@@GCC_3.0)
libc.so.6                     src/state.o (__stack_chk_fail@@GLIBC_2.4)

Discarded input sections

 .note.GNU-stack
                0x0000000000000000        0x0 /usr/lib/gcc/x86_64-linux-gnu/9/../../../x86_64-linux-gnu/Scrt1.o
 .note.gnu.property
                0x0000000000000000       0x20 /usr/lib/gcc/x86_64-linux-gnu/9/../../../x86_64-linux-gnu/crti.o
 .note.GNU-stack
                0x0000000000000000        0x0 /usr/lib/gcc/x86_64-linux-gnu/9/../../../x86_64-linux-gnu/crti.o
 .note.GNU-stack
                0x0000000000000000        0x0 /usr/lib/gcc/x86_64-linux-gnu/9/crtbeginS.o
 .note.gnu.property
                0x0000000000000000       0x20 /usr/lib/gcc/x86_64-linux-gnu/9/crtbeginS.o
 .group         0x0000000000000000        0x8 src/state.o
 .group         0x0000000000000000        0x8 src/state.o
 .group         0x0000000000000000        0x8 src/state.o
 .group         0x0000000000000000        0x8 src/state.o
 .group         0x0000000000000000        0x8 src/state.o
 .group         0x0000000000000000        0xc src/state.o
 .group         0x0000000000000000       0x10 src/state.o
 .group         0x0000000000000000        0xc src/state.o
 .group         0x0000000000000000        0x8 src/state.o
 .group         0x0000000000000000        0xc src/state.o
 .group         0x0000000000000000        0xc src/state.o
 .group         0x0000000000000000        0xc src/state.o
 .group         0x0000000000000000        0xc src/state.o
 .group         0x0000000000000000        0x8 src/state.o
 .group         0x0000000000000000        0xc src/state.o
 .group         0x0000000000000000        0xc src/state.o
 .group         0x0000000000000000        0xc src/state.o
 .group         0x0000000000000000        0xc src/state.o
 .group         0x0000000000000000        0xc src/state.o
 .group         0x0000000000000000        0xc src/state.o
 .group         0x0000000000000000        0xc src/state.o
 .group         0x0000000000000000        0xc src/state.o
 .group         0x0000000000000000        0xc src/state.o
 .group         0x0000000000000000        0xc src/state.o
 .group         0x0000000000000000        0xc src/state.o
 .group         0x0000000000000000        0xc src/state.o
 .group         0x0000000000000000        0xc src/state.o
 .group         0x0000000000000000        0xc src/state.o
 .group         0x0000000000000000        0xc src/state.o
 .group         0x0000000000000000        0xc src/state.o
 .group         0x0000000000000000        0xc src/state.o
 .group         0x0000000000000000        0xc src/state.o
 .group         0x0000000000000000        0x8 src/state.o
 .group         0x0000000000000000        0xc src/state.o
 .group         0x0000000000000000        0xc src/state.o
 .group         0x0000000000000000        0xc src/state.o
 .group         0x0000000000000000        0xc src/state.o
 .group         0x0000000000000000        0xc src/state.o
 .group         0x0000000000000000        0xc src/state.o
 .group         0x0000000000000000        0xc src/state.o
 .group         0x0000000000000000        0xc src/state.o
 .group         0x0000000000000000        0x8 src/state.o
 .group         0x0000000000000000        0x8 src/state.o
 .group         0x0000000000000000        0xc src/state.o
 .group         0x0000000000000000        0xc src/state.o
 .group         0x0000000000000000        0x8 src/state.o
 .group         0x0000000000000000        0xc src/state.o
 .group         0x0000000000000000        0xc src/state.o
 .group         0x0000000000000000        0x8 src/state.o
 .group         0x0000000000000000        0x8 src/state.o
 .group         0x0000000000000000        0xc src/state.o
 .group         0x0000000000000000        0xc src/state.o
 .group         0x0000000000000000        0xc src/state.o
 .group         0x0000000000000000        0xc src/state.o
 .group         0x0000000000000000        0xc src/state.o
 .group         0x0000000000000000        0xc src/state.o
 .group         0x0000000000000000        0xc src/state.o
 .group         0x0000000000000000        0xc src/state.o
 .group         0x0000000000000000        0xc src/state.o
 .group         0x0000000000000000        0xc src/state.o
 .group         0x0000000000000000        0xc src/state.o
 .group         0x0000000000000000        0xc src/state.o
 .group         0x0000000000000000        0xc src/state.o
 .group         0x0000000000000000        0xc src/state.o
 .group         0x0000000000000000        0xc src/state.o
[...]
Memory Configuration

Name             Origin             Length             Attributes
*default*        0x0000000000000000 0xffffffffffffffff

Linker script and memory map

LOAD /usr/lib/gcc/x86_64-linux-gnu/9/../../../x86_64-linux-gnu/Scrt1.o
LOAD /usr/lib/gcc/x86_64-linux-gnu/9/../../../x86_64-linux-gnu/crti.o
LOAD /usr/lib/gcc/x86_64-linux-gnu/9/crtbeginS.o
LOAD src/state.o
LOAD src/frag.o
LOAD src/main.o
LOAD /usr/lib/gcc/x86_64-linux-gnu/9/libstdc++.so
LOAD /usr/lib/gcc/x86_64-linux-gnu/9/../../../x86_64-linux-gnu/libm.so
START GROUP
LOAD /lib/x86_64-linux-gnu/libm.so.6
LOAD /lib/x86_64-linux-gnu/libmvec.so.1
END GROUP
LOAD /usr/lib/gcc/x86_64-linux-gnu/9/libgcc_s.so
START GROUP
LOAD /usr/lib/gcc/x86_64-linux-gnu/9/../../../x86_64-linux-gnu/libgcc_s.so.1
LOAD /usr/lib/gcc/x86_64-linux-gnu/9/libgcc.a
END GROUP
LOAD /usr/lib/gcc/x86_64-linux-gnu/9/libgcc.a
LOAD /usr/lib/gcc/x86_64-linux-gnu/9/../../../x86_64-linux-gnu/libc.so
START GROUP
LOAD /lib/x86_64-linux-gnu/libc.so.6
LOAD /usr/lib/x86_64-linux-gnu/libc_nonshared.a
LOAD /lib/x86_64-linux-gnu/ld-linux-x86-64.so.2
END GROUP
LOAD /usr/lib/gcc/x86_64-linux-gnu/9/libgcc_s.so
START GROUP
LOAD /usr/lib/gcc/x86_64-linux-gnu/9/../../../x86_64-linux-gnu/libgcc_s.so.1
LOAD /usr/lib/gcc/x86_64-linux-gnu/9/libgcc.a
END GROUP
LOAD /usr/lib/gcc/x86_64-linux-gnu/9/libgcc.a
LOAD /usr/lib/gcc/x86_64-linux-gnu/9/crtendS.o
LOAD /usr/lib/gcc/x86_64-linux-gnu/9/../../../x86_64-linux-gnu/crtn.o
                [!provide]                        PROVIDE (__executable_start = SEGMENT_START ("text-segment", 0x0))
                0x0000000000000318                . = (SEGMENT_START ("text-segment", 0x0) + SIZEOF_HEADERS)

.interp         0x0000000000000318       0x1c
 *(.interp)
 .interp        0x0000000000000318       0x1c /usr/lib/gcc/x86_64-linux-gnu/9/../../../x86_64-linux-gnu/Scrt1.o

.note.gnu.property
                0x0000000000000338       0x20
 .note.gnu.property
                0x0000000000000338       0x20 /usr/lib/gcc/x86_64-linux-gnu/9/../../../x86_64-linux-gnu/Scrt1.o

.note.gnu.build-id
                0x0000000000000358       0x24
 *(.note.gnu.build-id)
 .note.gnu.build-id
                0x0000000000000358       0x24 /usr/lib/gcc/x86_64-linux-gnu/9/../../../x86_64-linux-gnu/Scrt1.o

.note.ABI-tag   0x000000000000037c       0x20
 .note.ABI-tag  0x000000000000037c       0x20 /usr/lib/gcc/x86_64-linux-gnu/9/../../../x86_64-linux-gnu/Scrt1.o

.hash
 *(.hash)

.gnu.hash       0x00000000000003a0       0x30
 *(.gnu.hash)
 .gnu.hash      0x00000000000003a0       0x30 /usr/lib/gcc/x86_64-linux-gnu/9/../../../x86_64-linux-gnu/Scrt1.o

.dynsym         0x00000000000003d0      0x360
 *(.dynsym)
 .dynsym        0x00000000000003d0      0x360 /usr/lib/gcc/x86_64-linux-gnu/9/../../../x86_64-linux-gnu/Scrt1.o

.dynstr         0x0000000000000730      0x498
 *(.dynstr)
 .dynstr        0x0000000000000730      0x498 /usr/lib/gcc/x86_64-linux-gnu/9/../../../x86_64-linux-gnu/Scrt1.o

.gnu.version    0x0000000000000bc8       0x48
 *(.gnu.version)
 .gnu.version   0x0000000000000bc8       0x48 /usr/lib/gcc/x86_64-linux-gnu/9/../../../x86_64-linux-gnu/Scrt1.o

.gnu.version_d  0x0000000000000c10        0x0
 *(.gnu.version_d)
 .gnu.version_d
                0x0000000000000c10        0x0 /usr/lib/gcc/x86_64-linux-gnu/9/../../../x86_64-linux-gnu/Scrt1.o

.gnu.version_r  0x0000000000000c10       0xa0
 *(.gnu.version_r)
 .gnu.version_r
                0x0000000000000c10       0xa0 /usr/lib/gcc/x86_64-linux-gnu/9/../../../x86_64-linux-gnu/Scrt1.o

.rela.dyn       0x0000000000000cb0      0x180
 *(.rela.init)
 *(.rela.text .rela.text.* .rela.gnu.linkonce.t.*)
 .rela.text     0x0000000000000cb0        0x0 /usr/lib/gcc/x86_64-linux-gnu/9/../../../x86_64-linux-gnu/Scrt1.o
 *(.rela.fini)
 *(.rela.rodata .rela.rodata.* .rela.gnu.linkonce.r.*)
 *(.rela.data .rela.data.* .rela.gnu.linkonce.d.*)
 .rela.data.rel.ro
                0x0000000000000cb0        0x0 /usr/lib/gcc/x86_64-linux-gnu/9/../../../x86_64-linux-gnu/Scrt1.o
 .rela.data.rel.local
                0x0000000000000cb0       0x18 /usr/lib/gcc/x86_64-linux-gnu/9/../../../x86_64-linux-gnu/Scrt1.o
 .rela.data.rel.local.DW.ref.__gxx_personality_v0
                0x0000000000000cc8       0x18 /usr/lib/gcc/x86_64-linux-gnu/9/../../../x86_64-linux-gnu/Scrt1.o
 *(.rela.tdata .rela.tdata.* .rela.gnu.linkonce.td.*)
 *(.rela.tbss .rela.tbss.* .rela.gnu.linkonce.tb.*)
 *(.rela.ctors)
 *(.rela.dtors)
 *(.rela.got)
 .rela.got      0x0000000000000ce0       0xa8 /usr/lib/gcc/x86_64-linux-gnu/9/../../../x86_64-linux-gnu/Scrt1.o
 *(.rela.bss .rela.bss.* .rela.gnu.linkonce.b.*)
 .rela.bss      0x0000000000000d88       0x30 /usr/lib/gcc/x86_64-linux-gnu/9/../../../x86_64-linux-gnu/Scrt1.o
 *(.rela.ldata .rela.ldata.* .rela.gnu.linkonce.l.*)
 *(.rela.lbss .rela.lbss.* .rela.gnu.linkonce.lb.*)
 *(.rela.lrodata .rela.lrodata.* .rela.gnu.linkonce.lr.*)
 *(.rela.ifunc)
 .rela.ifunc    0x0000000000000db8        0x0 /usr/lib/gcc/x86_64-linux-gnu/9/../../../x86_64-linux-gnu/Scrt1.o
 .rela.fini_array
                0x0000000000000db8       0x18 /usr/lib/gcc/x86_64-linux-gnu/9/../../../x86_64-linux-gnu/Scrt1.o
 .rela.init_array
                0x0000000000000dd0       0x60 /usr/lib/gcc/x86_64-linux-gnu/9/../../../x86_64-linux-gnu/Scrt1.o
 .rela.eh_frame
                0x0000000000000e30        0x0 /usr/lib/gcc/x86_64-linux-gnu/9/../../../x86_64-linux-gnu/Scrt1.o

.rela.plt       0x0000000000000e30      0x258
 *(.rela.plt)
 .rela.plt      0x0000000000000e30      0x258 /usr/lib/gcc/x86_64-linux-gnu/9/../../../x86_64-linux-gnu/Scrt1.o
 *(.rela.iplt)
                0x0000000000002000                . = ALIGN (CONSTANT (MAXPAGESIZE))

.init           0x0000000000002000       0x1b
 *(SORT_NONE(.init))
 .init          0x0000000000002000       0x16 /usr/lib/gcc/x86_64-linux-gnu/9/../../../x86_64-linux-gnu/crti.o
                0x0000000000002000                _init
 .init          0x0000000000002016        0x5 /usr/lib/gcc/x86_64-linux-gnu/9/../../../x86_64-linux-gnu/crtn.o

.plt            0x0000000000002020      0x1a0
 *(.plt)
 .plt           0x0000000000002020      0x1a0 /usr/lib/gcc/x86_64-linux-gnu/9/../../../x86_64-linux-gnu/Scrt1.o
 *(.iplt)

.plt.got        0x00000000000021c0       0x10
 *(.plt.got)
 .plt.got       0x00000000000021c0       0x10 /usr/lib/gcc/x86_64-linux-gnu/9/../../../x86_64-linux-gnu/Scrt1.o
                0x00000000000021c0                __cxa_finalize@@GLIBC_2.2.5

.plt.sec        0x00000000000021d0      0x190
 *(.plt.sec)
 .plt.sec       0x00000000000021d0      0x190 /usr/lib/gcc/x86_64-linux-gnu/9/../../../x86_64-linux-gnu/Scrt1.o
                0x00000000000021d0                std::_Rb_tree_insert_and_rebalance(bool, std::_Rb_tree_node_base*, std::_Rb_tree_node_base*, std::_Rb_tree_node_base&)@@GLIBCXX_3.4
                0x00000000000021e0                std::__throw_bad_alloc()@@GLIBCXX_3.4
                0x00000000000021f0                __cxa_begin_catch@@CXXABI_1.3
                0x0000000000002200                std::__throw_length_error(char const*)@@GLIBCXX_3.4
                0x0000000000002210                std::__cxx11::basic_string<char, std::char_traits<char>, std::allocator<char> >::~basic_string()@@GLIBCXX_3.4.21
                0x0000000000002220                std::_Rb_tree_increment(std::_Rb_tree_node_base*)@@GLIBCXX_3.4
                0x0000000000002230                std::__cxx11::basic_string<char, std::char_traits<char>, std::allocator<char> >::size() const@@GLIBCXX_3.4.21
                0x0000000000002240                __cxa_atexit@@GLIBC_2.2.5
                0x0000000000002250                operator delete(void*)@@GLIBCXX_3.4
                0x0000000000002260                std::basic_ostream<char, std::char_traits<char> >& std::operator<< <std::char_traits<char> >(std::basic_ostream<char, std::char_traits<char> >&, char const*)@@GLIBCXX_3.4
                0x0000000000002270                operator new(unsigned long)@@GLIBCXX_3.4
                0x0000000000002280                operator delete(void*, unsigned long)@@CXXABI_1.3.9
                0x0000000000002290                std::_Rb_tree_decrement(std::_Rb_tree_node_base*)@@GLIBCXX_3.4
                0x00000000000022a0                std::ostream::operator<<(std::ostream& (*)(std::ostream&))@@GLIBCXX_3.4
                0x00000000000022b0                __stack_chk_fail@@GLIBC_2.4
                0x00000000000022c0                std::_Rb_tree_increment(std::_Rb_tree_node_base const*)@@GLIBCXX_3.4
                0x00000000000022d0                std::basic_istream<char, std::char_traits<char> >& std::operator>><char, std::char_traits<char>, std::allocator<char> >(std::basic_istream<char, std::char_traits<char> >&, std::__cxx11::basic_string<char, std::char_traits<char>, std::allocator<char> >&)@@GLIBCXX_3.4.21
                0x00000000000022e0                std::__cxx11::basic_string<char, std::char_traits<char>, std::allocator<char> >::basic_string()@@GLIBCXX_3.4.21
                0x00000000000022f0                __cxa_rethrow@@CXXABI_1.3
                0x0000000000002300                std::ios_base::Init::Init()@@GLIBCXX_3.4
                0x0000000000002310                memmove@@GLIBC_2.2.5
                0x0000000000002320                __cxa_end_catch@@CXXABI_1.3
                0x0000000000002330                std::ostream::operator<<(int)@@GLIBCXX_3.4
                0x0000000000002340                _Unwind_Resume@@GCC_3.0
                0x0000000000002350                std::__cxx11::basic_string<char, std::char_traits<char>, std::allocator<char> >::operator[](unsigned long)@@GLIBCXX_3.4.21

.text           0x0000000000002360     0xaf15
 *(.text.unlikely .text.*_unlikely .text.unlikely.*)
 *(.text.exit .text.exit.*)
 *(.text.startup .text.startup.*)
 *(.text.hot .text.hot.*)
 *(SORT_BY_NAME(.text.sorted.*))
 *(.text .stub .text.* .gnu.linkonce.t.*)
 .text          0x0000000000002360       0x2f /usr/lib/gcc/x86_64-linux-gnu/9/../../../x86_64-linux-gnu/Scrt1.o
                0x0000000000002360                _start
 .text          0x000000000000238f        0x0 /usr/lib/gcc/x86_64-linux-gnu/9/../../../x86_64-linux-gnu/crti.o
 *fill*         0x000000000000238f        0x1 
 .text          0x0000000000002390       0xb9 /usr/lib/gcc/x86_64-linux-gnu/9/crtbeginS.o
 *fill*         0x0000000000002449        0x1 
 .text          0x000000000000244a      0x9b7 src/state.o
                0x000000000000244a                state::state(int, state*, state*)
                0x000000000000244a                state::state(int, state*, state*)
                0x00000000000024ac                state::get_state()
                0x00000000000024c0                state::get_stateid()
                0x00000000000024d6                state::inc_visit()
                0x00000000000024f6                state::num_states()
                0x0000000000002506                state::add_char(int)
                0x000000000000252c                state::print_language()
                0x00000000000025fc                state::traverse(state*)
                0x00000000000027f7                print_nfa(std::vector<std::pair<int, std::map<int, std::vector<int, std::allocator<int> >, std::less<int>, std::allocator<std::pair<int const, std::vector<int, std::allocator<int> > > > > >, std::allocator<std::pair<int, std::map<int, std::vector<int, std::allocator<int> >, std::less<int>, std::allocator<std::pair<int const, std::vector<int, std::allocator<int> > > > > > > >&)
                0x00000000000029f0                state::nfa_table(state*)
 .text._ZnwmPv  0x0000000000002e01       0x16 src/state.o
                0x0000000000002e01                operator new(unsigned long, void*)
 .text._ZdlPvS_
                0x0000000000002e17       0x13 src/state.o
                0x0000000000002e17                operator delete(void*, void*)
 .text._ZSt16__deque_buf_sizem
                0x0000000000002e2a       0x2d src/state.o
                0x0000000000002e2a                std::__deque_buf_size(unsigned long)
 .text._ZNSt18_Rb_tree_node_base10_S_minimumEPS_
                0x0000000000002e57       0x2d src/state.o
                0x0000000000002e57                std::_Rb_tree_node_base::_S_minimum(std::_Rb_tree_node_base*)
 .text._ZNSt18_Rb_tree_node_base10_S_maximumEPS_
                0x0000000000002e84       0x2d src/state.o
                0x0000000000002e84                std::_Rb_tree_node_base::_S_maximum(std::_Rb_tree_node_base*)
 *fill*         0x0000000000002eb1        0x1 
 .text._ZNSt15_Rb_tree_headerC2Ev
                0x0000000000002eb2       0x29 src/state.o
                0x0000000000002eb2                std::_Rb_tree_header::_Rb_tree_header()
                0x0000000000002eb2                std::_Rb_tree_header::_Rb_tree_header()
 *fill*         0x0000000000002edb        0x1 
 .text._ZNSt15_Rb_tree_headerC2EOS_
                0x0000000000002edc       0x4f src/state.o
                0x0000000000002edc                std::_Rb_tree_header::_Rb_tree_header(std::_Rb_tree_header&&)
                0x0000000000002edc                std::_Rb_tree_header::_Rb_tree_header(std::_Rb_tree_header&&)
 *fill*         0x0000000000002f2b        0x1 
 .text._ZNSt15_Rb_tree_header12_M_move_dataERS_
                0x0000000000002f2c       0x7f src/state.o
                0x0000000000002f2c                std::_Rb_tree_header::_M_move_data(std::_Rb_tree_header&)
 *fill*         0x0000000000002fab        0x1 
 .text._ZNSt15_Rb_tree_header8_M_resetEv
                0x0000000000002fac       0x3f src/state.o
                0x0000000000002fac                std::_Rb_tree_header::_M_reset()
 *fill*         0x0000000000002feb        0x1 
 .text._ZNSt8_Rb_treeIiiSt9_IdentityIiESt4lessIiESaIiEE13_Rb_tree_implIS3_Lb1EED2Ev
                0x0000000000002fec       0x1f src/state.o
                0x0000000000002fec                std::_Rb_tree<int, int, std::_Identity<int>, std::less<int>, std::allocator<int> >::_Rb_tree_impl<std::less<int>, true>::~_Rb_tree_impl()
                0x0000000000002fec                std::_Rb_tree<int, int, std::_Identity<int>, std::less<int>, std::allocator<int> >::_Rb_tree_impl<std::less<int>, true>::~_Rb_tree_impl()
 *fill*         0x000000000000300b        0x1 
 .text._ZNSt8_Rb_treeIiiSt9_IdentityIiESt4lessIiESaIiEEC2Ev
                0x000000000000300c       0x1f src/state.o
                0x000000000000300c                std::_Rb_tree<int, int, std::_Identity<int>, std::less<int>, std::allocator<int> >::_Rb_tree()
                0x000000000000300c                std::_Rb_tree<int, int, std::_Identity<int>, std::less<int>, std::allocator<int> >::_Rb_tree()
 *fill*         0x000000000000302b        0x1 
 .text._ZNSt3setIiSt4lessIiESaIiEEC2Ev
                0x000000000000302c       0x1f src/state.o
                0x000000000000302c                std::set<int, std::less<int>, std::allocator<int> >::set()
                0x000000000000302c                std::set<int, std::less<int>, std::allocator<int> >::set()
 *fill*         0x000000000000304b        0x1 
 .text._ZNSt5stackIP5stateSt5dequeIS1_SaIS1_EEED2Ev
                0x000000000000304c       0x1f src/state.o
                0x000000000000304c                std::stack<state*, std::deque<state*, std::allocator<state*> > >::~stack()
                0x000000000000304c                std::stack<state*, std::deque<state*, std::allocator<state*> > >::~stack()
 .text._ZN9__gnu_cxx14__alloc_traitsISaISt13_Rb_tree_nodeISt4pairIKiSt6vectorIiSaIiEEEEES8_E15_S_always_equalEv
                0x000000000000306b        0xf src/state.o
                0x000000000000306b                __gnu_cxx::__alloc_traits<std::allocator<std::_Rb_tree_node<std::pair<int const, std::vector<int, std::allocator<int> > > > >, std::_Rb_tree_node<std::pair<int const, std::vector<int, std::allocator<int> > > > >::_S_always_equal()
 .text._ZNSt12_Vector_baseISt4pairIiSt3mapIiSt6vectorIiSaIiEESt4lessIiESaIS0_IKiS4_EEEESaISB_EE12_Vector_implD2Ev
                0x000000000000307a       0x1f src/state.o
                0x000000000000307a                std::_Vector_base<std::pair<int, std::map<int, std::vector<int, std::allocator<int> >, std::less<int>, std::allocator<std::pair<int const, std::vector<int, std::allocator<int> > > > > >, std::allocator<std::pair<int, std::map<int, std::vector<int, std::allocator<int> >, std::less<int>, std::allocator<std::pair<int const, std::vector<int, std::allocator<int> > > > > > > >::_Vector_impl::~_Vector_impl()
                0x000000000000307a                std::_Vector_base<std::pair<int, std::map<int, std::vector<int, std::allocator<int> >, std::less<int>, std::allocator<std::pair<int const, std::vector<int, std::allocator<int> > > > > >, std::allocator<std::pair<int, std::map<int, std::vector<int, std::allocator<int> >, std::less<int>, std::allocator<std::pair<int const, std::vector<int, std::allocator<int> > > > > > > >::_Vector_impl::~_Vector_impl()
 *fill*         0x0000000000003099        0x1 
 .text._ZNSt12_Vector_baseISt4pairIiSt3mapIiSt6vectorIiSaIiEESt4lessIiESaIS0_IKiS4_EEEESaISB_EEC2Ev
                0x000000000000309a       0x1f src/state.o
                0x000000000000309a                std::_Vector_base<std::pair<int, std::map<int, std::vector<int, std::allocator<int> >, std::less<int>, std::allocator<std::pair<int const, std::vector<int, std::allocator<int> > > > > >, std::allocator<std::pair<int, std::map<int, std::vector<int, std::allocator<int> >, std::less<int>, std::allocator<std::pair<int const, std::vector<int, std::allocator<int> > > > > > > >::_Vector_base()
                0x000000000000309a                std::_Vector_base<std::pair<int, std::map<int, std::vector<int, std::allocator<int> >, std::less<int>, std::allocator<std::pair<int const, std::vector<int, std::allocator<int> > > > > >, std::allocator<std::pair<int, std::map<int, std::vector<int, std::allocator<int> >, std::less<int>, std::allocator<std::pair<int const, std::vector<int, std::allocator<int> > > > > > > >::_Vector_base()
 *fill*         0x00000000000030b9        0x1 
 .text._ZNSt6vectorISt4pairIiSt3mapIiS_IiSaIiEESt4lessIiESaIS0_IKiS3_EEEESaISA_EEC2Ev
                0x00000000000030ba       0x1f src/state.o
                0x00000000000030ba                std::vector<std::pair<int, std::map<int, std::vector<int, std::allocator<int> >, std::less<int>, std::allocator<std::pair<int const, std::vector<int, std::allocator<int> > > > > >, std::allocator<std::pair<int, std::map<int, std::vector<int, std::allocator<int> >, std::less<int>, std::allocator<std::pair<int const, std::vector<int, std::allocator<int> > > > > > > >::vector()
                0x00000000000030ba                std::vector<std::pair<int, std::map<int, std::vector<int, std::allocator<int> >, std::less<int>, std::allocator<std::pair<int const, std::vector<int, std::allocator<int> > > > > >, std::allocator<std::pair<int, std::map<int, std::vector<int, std::allocator<int> >, std::less<int>, std::allocator<std::pair<int const, std::vector<int, std::allocator<int> > > > > > > >::vector()
 *fill*         0x00000000000030d9        0x1 
 .text._ZNSt5queueIP5stateSt5dequeIS1_SaIS1_EEED2Ev
                0x00000000000030da       0x1f src/state.o
                0x00000000000030da                std::queue<state*, std::deque<state*, std::allocator<state*> > >::~queue()
                0x00000000000030da                std::queue<state*, std::deque<state*, std::allocator<state*> > >::~queue()
 *fill*         0x00000000000030f9        0x1 
 .text._ZNSt8_Rb_treeIiSt4pairIKiSt6vectorIiSaIiEEESt10_Select1stIS5_ESt4lessIiESaIS5_EE13_Rb_tree_implIS9_Lb1EED2Ev
                0x00000000000030fa       0x1f src/state.o
                0x00000000000030fa                std::_Rb_tree<int, std::pair<int const, std::vector<int, std::allocator<int> > >, std::_Select1st<std::pair<int const, std::vector<int, std::allocator<int> > > >, std::less<int>, std::allocator<std::pair<int const, std::vector<int, std::allocator<int> > > > >::_Rb_tree_impl<std::less<int>, true>::~_Rb_tree_impl()
                0x00000000000030fa                std::_Rb_tree<int, std::pair<int const, std::vector<int, std::allocator<int> > >, std::_Select1st<std::pair<int const, std::vector<int, std::allocator<int> > > >, std::less<int>, std::allocator<std::pair<int const, std::vector<int, std::allocator<int> > > > >::_Rb_tree_impl<std::less<int>, true>::~_Rb_tree_impl()
 *fill*         0x0000000000003119        0x1 
 .text._ZNSt8_Rb_treeIiSt4pairIKiSt6vectorIiSaIiEEESt10_Select1stIS5_ESt4lessIiESaIS5_EEC2Ev
                0x000000000000311a       0x1f src/state.o
                0x000000000000311a                std::_Rb_tree<int, std::pair<int const, std::vector<int, std::allocator<int> > >, std::_Select1st<std::pair<int const, std::vector<int, std::allocator<int> > > >, std::less<int>, std::allocator<std::pair<int const, std::vector<int, std::allocator<int> > > > >::_Rb_tree()
                0x000000000000311a                std::_Rb_tree<int, std::pair<int const, std::vector<int, std::allocator<int> > >, std::_Select1st<std::pair<int const, std::vector<int, std::allocator<int> > > >, std::less<int>, std::allocator<std::pair<int const, std::vector<int, std::allocator<int> > > > >::_Rb_tree()
 *fill*         0x0000000000003139        0x1 
 .text._ZNSt3mapIiSt6vectorIiSaIiEESt4lessIiESaISt4pairIKiS2_EEEC2Ev
                0x000000000000313a       0x1f src/state.o
                0x000000000000313a                std::map<int, std::vector<int, std::allocator<int> >, std::less<int>, std::allocator<std::pair<int const, std::vector<int, std::allocator<int> > > > >::map()
                0x000000000000313a                std::map<int, std::vector<int, std::allocator<int> >, std::less<int>, std::allocator<std::pair<int const, std::vector<int, std::allocator<int> > > > >::map()
 *fill*         0x0000000000003159        0x1 
 .text._ZNSt3mapIiSt6vectorIiSaIiEESt4lessIiESaISt4pairIKiS2_EEED2Ev
                0x000000000000315a       0x1f src/state.o
                0x000000000000315a                std::map<int, std::vector<int, std::allocator<int> >, std::less<int>, std::allocator<std::pair<int const, std::vector<int, std::allocator<int> > > > >::~map()
                0x000000000000315a                std::map<int, std::vector<int, std::allocator<int> >, std::less<int>, std::allocator<std::pair<int const, std::vector<int, std::allocator<int> > > > >::~map()
 *fill*         0x0000000000003179        0x1 
 .text._ZNSt4pairIiSt3mapIiSt6vectorIiSaIiEESt4lessIiESaIS_IKiS3_EEEEC1IiS9_Lb1EEEv
                0x000000000000317a       0x68 src/state.o
                0x000000000000317a                std::pair<int, std::map<int, std::vector<int, std::allocator<int> >, std::less<int>, std::allocator<std::pair<int const, std::vector<int, std::allocator<int> > > > > >::pair<int, std::map<int, std::vector<int, std::allocator<int> >, std::less<int>, std::allocator<std::pair<int const, std::vector<int, std::allocator<int> > > > >, true>()
 .text._ZNSt4pairIiSt3mapIiSt6vectorIiSaIiEESt4lessIiESaIS_IKiS3_EEEED2Ev
                0x00000000000031e2       0x23 src/state.o
                0x00000000000031e2                std::pair<int, std::map<int, std::vector<int, std::allocator<int> >, std::less<int>, std::allocator<std::pair<int const, std::vector<int, std::allocator<int> > > > > >::~pair()
                0x00000000000031e2                std::pair<int, std::map<int, std::vector<int, std::allocator<int> >, std::less<int>, std::allocator<std::pair<int const, std::vector<int, std::allocator<int> > > > > >::~pair()
 *fill*         0x0000000000003205        0x1 
 .text._ZNSt3setIiSt4lessIiESaIiEED2Ev
                0x0000000000003206       0x1f src/state.o
                0x0000000000003206                std::set<int, std::less<int>, std::allocator<int> >::~set()
                0x0000000000003206                std::set<int, std::less<int>, std::allocator<int> >::~set()
 *fill*         0x0000000000003225        0x1 
 .text._ZNSt3mapIiSt6vectorIiSaIiEESt4lessIiESaISt4pairIKiS2_EEEaSERKS9_
                0x0000000000003226       0x2d src/state.o
                0x0000000000003226                std::map<int, std::vector<int, std::allocator<int> >, std::less<int>, std::allocator<std::pair<int const, std::vector<int, std::allocator<int> > > > >::operator=(std::map<int, std::vector<int, std::allocator<int> >, std::less<int>, std::allocator<std::pair<int const, std::vector<int, std::allocator<int> > > > > const&)
 *fill*         0x0000000000003253        0x1 
 .text._ZNSt8_Rb_treeIiiSt9_IdentityIiESt4lessIiESaIiEE13_Rb_tree_implIS3_Lb1EEC2Ev
                0x0000000000003254       0x3b src/state.o
                0x0000000000003254                std::_Rb_tree<int, int, std::_Identity<int>, std::less<int>, std::allocator<int> >::_Rb_tree_impl<std::less<int>, true>::_Rb_tree_impl()
                0x0000000000003254                std::_Rb_tree<int, int, std::_Identity<int>, std::less<int>, std::allocator<int> >::_Rb_tree_impl<std::less<int>, true>::_Rb_tree_impl()
 *fill*         0x000000000000328f        0x1 
 .text._ZNSaISt13_Rb_tree_nodeIiEED2Ev
                0x0000000000003290       0x1f src/state.o
                0x0000000000003290                std::allocator<std::_Rb_tree_node<int> >::~allocator()
                0x0000000000003290                std::allocator<std::_Rb_tree_node<int> >::~allocator()
 *fill*         0x00000000000032af        0x1 
 .text._ZNSt8_Rb_treeIiiSt9_IdentityIiESt4lessIiESaIiEED2Ev
                0x00000000000032b0       0x3d src/state.o
                0x00000000000032b0                std::_Rb_tree<int, int, std::_Identity<int>, std::less<int>, std::allocator<int> >::~_Rb_tree()
                0x00000000000032b0                std::_Rb_tree<int, int, std::_Identity<int>, std::less<int>, std::allocator<int> >::~_Rb_tree()
 *fill*         0x00000000000032ed        0x1 
 .text._ZNSt3setIiSt4lessIiESaIiEE6insertERKi
                0x00000000000032ee       0x77 src/state.o
                0x00000000000032ee                std::set<int, std::less<int>, std::allocator<int> >::insert(int const&)
 *fill*         0x0000000000003365        0x1 
 .text._ZNKSt3setIiSt4lessIiESaIiEE5beginEv
                0x0000000000003366       0x1e src/state.o
                0x0000000000003366                std::set<int, std::less<int>, std::allocator<int> >::begin() const
 .text._ZNKSt3setIiSt4lessIiESaIiEE3endEv
                0x0000000000003384       0x1e src/state.o
                0x0000000000003384                std::set<int, std::less<int>, std::allocator<int> >::end() const
 .text._ZStneRKSt23_Rb_tree_const_iteratorIiES2_
                0x00000000000033a2       0x26 src/state.o
                0x00000000000033a2                std::operator!=(std::_Rb_tree_const_iterator<int> const&, std::_Rb_tree_const_iterator<int> const&)
 .text._ZNSt23_Rb_tree_const_iteratorIiEppEi
                0x00000000000033c8       0x5d src/state.o
                0x00000000000033c8                std::_Rb_tree_const_iterator<int>::operator++(int)
 *fill*         0x0000000000003425        0x1 
 .text._ZNKSt23_Rb_tree_const_iteratorIiEdeEv
                0x0000000000003426       0x21 src/state.o
                0x0000000000003426                std::_Rb_tree_const_iterator<int>::operator*() const
 *fill*         0x0000000000003447        0x1 
 .text._ZNSt5stackIP5stateSt5dequeIS1_SaIS1_EEEC2IS4_vEEv
                0x0000000000003448       0x1f src/state.o
                0x0000000000003448                std::stack<state*, std::deque<state*, std::allocator<state*> > >::stack<std::deque<state*, std::allocator<state*> >, void>()
                0x0000000000003448                std::stack<state*, std::deque<state*, std::allocator<state*> > >::stack<std::deque<state*, std::allocator<state*> >, void>()
 *fill*         0x0000000000003467        0x1 
 .text._ZNSt5dequeIP5stateSaIS1_EED2Ev
                0x0000000000003468       0x94 src/state.o
                0x0000000000003468                std::deque<state*, std::allocator<state*> >::~deque()
                0x0000000000003468                std::deque<state*, std::allocator<state*> >::~deque()
 .text._ZNSt5stackIP5stateSt5dequeIS1_SaIS1_EEE4pushERKS1_
                0x00000000000034fc       0x2a src/state.o
                0x00000000000034fc                std::stack<state*, std::deque<state*, std::allocator<state*> > >::push(state* const&)
 .text._ZNKSt5stackIP5stateSt5dequeIS1_SaIS1_EEE5emptyEv
                0x0000000000003526       0x1e src/state.o
                0x0000000000003526                std::stack<state*, std::deque<state*, std::allocator<state*> > >::empty() const
 .text._ZNSt5stackIP5stateSt5dequeIS1_SaIS1_EEE3topEv
                0x0000000000003544       0x1e src/state.o
                0x0000000000003544                std::stack<state*, std::deque<state*, std::allocator<state*> > >::top()
 .text._ZNSt5stackIP5stateSt5dequeIS1_SaIS1_EEE3popEv
                0x0000000000003562       0x1f src/state.o
                0x0000000000003562                std::stack<state*, std::deque<state*, std::allocator<state*> > >::pop()
 *fill*         0x0000000000003581        0x1 
 .text._ZNKSt6vectorISt4pairIiSt3mapIiS_IiSaIiEESt4lessIiESaIS0_IKiS3_EEEESaISA_EE4sizeEv
                0x0000000000003582       0x38 src/state.o
                0x0000000000003582                std::vector<std::pair<int, std::map<int, std::vector<int, std::allocator<int> >, std::less<int>, std::allocator<std::pair<int const, std::vector<int, std::allocator<int> > > > > >, std::allocator<std::pair<int, std::map<int, std::vector<int, std::allocator<int> >, std::less<int>, std::allocator<std::pair<int const, std::vector<int, std::allocator<int> > > > > > > >::size() const
 .text._ZNSt6vectorISt4pairIiSt3mapIiS_IiSaIiEESt4lessIiESaIS0_IKiS3_EEEESaISA_EEixEm
                0x00000000000035ba       0x2e src/state.o
                0x00000000000035ba                std::vector<std::pair<int, std::map<int, std::vector<int, std::allocator<int> >, std::less<int>, std::allocator<std::pair<int const, std::vector<int, std::allocator<int> > > > > >, std::allocator<std::pair<int, std::map<int, std::vector<int, std::allocator<int> >, std::less<int>, std::allocator<std::pair<int const, std::vector<int, std::allocator<int> > > > > > > >::operator[](unsigned long)
 .text._ZNSt3mapIiSt6vectorIiSaIiEESt4lessIiESaISt4pairIKiS2_EEE5beginEv
                0x00000000000035e8       0x1e src/state.o
                0x00000000000035e8                std::map<int, std::vector<int, std::allocator<int> >, std::less<int>, std::allocator<std::pair<int const, std::vector<int, std::allocator<int> > > > >::begin()
 .text._ZNSt3mapIiSt6vectorIiSaIiEESt4lessIiESaISt4pairIKiS2_EEE3endEv
                0x0000000000003606       0x1e src/state.o
                0x0000000000003606                std::map<int, std::vector<int, std::allocator<int> >, std::less<int>, std::allocator<std::pair<int const, std::vector<int, std::allocator<int> > > > >::end()
 .text._ZStneRKSt17_Rb_tree_iteratorISt4pairIKiSt6vectorIiSaIiEEEES8_
                0x0000000000003624       0x26 src/state.o
                0x0000000000003624                std::operator!=(std::_Rb_tree_iterator<std::pair<int const, std::vector<int, std::allocator<int> > > > const&, std::_Rb_tree_iterator<std::pair<int const, std::vector<int, std::allocator<int> > > > const&)
 .text._ZNSt17_Rb_tree_iteratorISt4pairIKiSt6vectorIiSaIiEEEEppEi
                0x000000000000364a       0x5d src/state.o
                0x000000000000364a                std::_Rb_tree_iterator<std::pair<int const, std::vector<int, std::allocator<int> > > >::operator++(int)
 *fill*         0x00000000000036a7        0x1 
 .text._ZNKSt17_Rb_tree_iteratorISt4pairIKiSt6vectorIiSaIiEEEEptEv
                0x00000000000036a8       0x21 src/state.o
                0x00000000000036a8                std::_Rb_tree_iterator<std::pair<int const, std::vector<int, std::allocator<int> > > >::operator->() const
 *fill*         0x00000000000036c9        0x1 
 .text._ZNKSt6vectorIiSaIiEE4sizeEv
                0x00000000000036ca       0x27 src/state.o
                0x00000000000036ca                std::vector<int, std::allocator<int> >::size() const
 *fill*         0x00000000000036f1        0x1 
 .text._ZNSt6vectorIiSaIiEEixEm
                0x00000000000036f2       0x24 src/state.o
                0x00000000000036f2                std::vector<int, std::allocator<int> >::operator[](unsigned long)
 .text._ZNSt12_Vector_baseISt4pairIiSt3mapIiSt6vectorIiSaIiEESt4lessIiESaIS0_IKiS4_EEEESaISB_EE12_Vector_implC2Ev
                0x0000000000003716       0x2b src/state.o
                0x0000000000003716                std::_Vector_base<std::pair<int, std::map<int, std::vector<int, std::allocator<int> >, std::less<int>, std::allocator<std::pair<int const, std::vector<int, std::allocator<int> > > > > >, std::allocator<std::pair<int, std::map<int, std::vector<int, std::allocator<int> >, std::less<int>, std::allocator<std::pair<int const, std::vector<int, std::allocator<int> > > > > > > >::_Vector_impl::_Vector_impl()
                0x0000000000003716                std::_Vector_base<std::pair<int, std::map<int, std::vector<int, std::allocator<int> >, std::less<int>, std::allocator<std::pair<int const, std::vector<int, std::allocator<int> > > > > >, std::allocator<std::pair<int, std::map<int, std::vector<int, std::allocator<int> >, std::less<int>, std::allocator<std::pair<int const, std::vector<int, std::allocator<int> > > > > > > >::_Vector_impl::_Vector_impl()
 *fill*         0x0000000000003741        0x1 
 .text._ZNSaISt4pairIiSt3mapIiSt6vectorIiSaIiEESt4lessIiESaIS_IKiS3_EEEEED2Ev
                0x0000000000003742       0x1f src/state.o
                0x0000000000003742                std::allocator<std::pair<int, std::map<int, std::vector<int, std::allocator<int> >, std::less<int>, std::allocator<std::pair<int const, std::vector<int, std::allocator<int> > > > > > >::~allocator()
                0x0000000000003742                std::allocator<std::pair<int, std::map<int, std::vector<int, std::allocator<int> >, std::less<int>, std::allocator<std::pair<int const, std::vector<int, std::allocator<int> > > > > > >::~allocator()
 *fill*         0x0000000000003761        0x1 
 .text._ZNSt12_Vector_baseISt4pairIiSt3mapIiSt6vectorIiSaIiEESt4lessIiESaIS0_IKiS4_EEEESaISB_EED2Ev
                0x0000000000003762       0x62 src/state.o
                0x0000000000003762                std::_Vector_base<std::pair<int, std::map<int, std::vector<int, std::allocator<int> >, std::less<int>, std::allocator<std::pair<int const, std::vector<int, std::allocator<int> > > > > >, std::allocator<std::pair<int, std::map<int, std::vector<int, std::allocator<int> >, std::less<int>, std::allocator<std::pair<int const, std::vector<int, std::allocator<int> > > > > > > >::~_Vector_base()
                0x0000000000003762                std::_Vector_base<std::pair<int, std::map<int, std::vector<int, std::allocator<int> >, std::less<int>, std::allocator<std::pair<int const, std::vector<int, std::allocator<int> > > > > >, std::allocator<std::pair<int, std::map<int, std::vector<int, std::allocator<int> >, std::less<int>, std::allocator<std::pair<int const, std::vector<int, std::allocator<int> > > > > > > >::~_Vector_base()
 .text._ZNSt6vectorISt4pairIiSt3mapIiS_IiSaIiEESt4lessIiESaIS0_IKiS3_EEEESaISA_EED2Ev
                0x00000000000037c4       0x48 src/state.o
                0x00000000000037c4                std::vector<std::pair<int, std::map<int, std::vector<int, std::allocator<int> >, std::less<int>, std::allocator<std::pair<int const, std::vector<int, std::allocator<int> > > > > >, std::allocator<std::pair<int, std::map<int, std::vector<int, std::allocator<int> >, std::less<int>, std::allocator<std::pair<int const, std::vector<int, std::allocator<int> > > > > > > >::~vector()
                0x00000000000037c4                std::vector<std::pair<int, std::map<int, std::vector<int, std::allocator<int> >, std::less<int>, std::allocator<std::pair<int const, std::vector<int, std::allocator<int> > > > > >, std::allocator<std::pair<int, std::map<int, std::vector<int, std::allocator<int> >, std::less<int>, std::allocator<std::pair<int const, std::vector<int, std::allocator<int> > > > > > > >::~vector()
 .text._ZNSt5queueIP5stateSt5dequeIS1_SaIS1_EEEC2IS4_vEEv
                0x000000000000380c       0x1f src/state.o
                0x000000000000380c                std::queue<state*, std::deque<state*, std::allocator<state*> > >::queue<std::deque<state*, std::allocator<state*> >, void>()
                0x000000000000380c                std::queue<state*, std::deque<state*, std::allocator<state*> > >::queue<std::deque<state*, std::allocator<state*> >, void>()
 *fill*         0x000000000000382b        0x1 
 .text._ZNSt8_Rb_treeIiSt4pairIKiSt6vectorIiSaIiEEESt10_Select1stIS5_ESt4lessIiESaIS5_EE13_Rb_tree_implIS9_Lb1EEC2Ev
                0x000000000000382c       0x3b src/state.o
                0x000000000000382c                std::_Rb_tree<int, std::pair<int const, std::vector<int, std::allocator<int> > >, std::_Select1st<std::pair<int const, std::vector<int, std::allocator<int> > > >, std::less<int>, std::allocator<std::pair<int const, std::vector<int, std::allocator<int> > > > >::_Rb_tree_impl<std::less<int>, true>::_Rb_tree_impl()
                0x000000000000382c                std::_Rb_tree<int, std::pair<int const, std::vector<int, std::allocator<int> > >, std::_Select1st<std::pair<int const, std::vector<int, std::allocator<int> > > >, std::less<int>, std::allocator<std::pair<int const, std::vector<int, std::allocator<int> > > > >::_Rb_tree_impl<std::less<int>, true>::_Rb_tree_impl()
 *fill*         0x0000000000003867        0x1 
 .text._ZNSaISt13_Rb_tree_nodeISt4pairIKiSt6vectorIiSaIiEEEEED2Ev
                0x0000000000003868       0x1f src/state.o
                0x0000000000003868                std::allocator<std::_Rb_tree_node<std::pair<int const, std::vector<int, std::allocator<int> > > > >::~allocator()
                0x0000000000003868                std::allocator<std::_Rb_tree_node<std::pair<int const, std::vector<int, std::allocator<int> > > > >::~allocator()
 *fill*         0x0000000000003887        0x1 
 .text._ZNSt8_Rb_treeIiSt4pairIKiSt6vectorIiSaIiEEESt10_Select1stIS5_ESt4lessIiESaIS5_EED2Ev
                0x0000000000003888       0x3d src/state.o
                0x0000000000003888                std::_Rb_tree<int, std::pair<int const, std::vector<int, std::allocator<int> > >, std::_Select1st<std::pair<int const, std::vector<int, std::allocator<int> > > >, std::less<int>, std::allocator<std::pair<int const, std::vector<int, std::allocator<int> > > > >::~_Rb_tree()
                0x0000000000003888                std::_Rb_tree<int, std::pair<int const, std::vector<int, std::allocator<int> > >, std::_Select1st<std::pair<int const, std::vector<int, std::allocator<int> > > >, std::less<int>, std::allocator<std::pair<int const, std::vector<int, std::allocator<int> > > > >::~_Rb_tree()
 *fill*         0x00000000000038c5        0x1 
 .text._ZNSt5queueIP5stateSt5dequeIS1_SaIS1_EEE4pushERKS1_
                0x00000000000038c6       0x2a src/state.o
                0x00000000000038c6                std::queue<state*, std::deque<state*, std::allocator<state*> > >::push(state* const&)
 .text._ZNKSt5queueIP5stateSt5dequeIS1_SaIS1_EEE5emptyEv
                0x00000000000038f0       0x1e src/state.o
                0x00000000000038f0                std::queue<state*, std::deque<state*, std::allocator<state*> > >::empty() const
 .text._ZNSt5queueIP5stateSt5dequeIS1_SaIS1_EEE5frontEv
                0x000000000000390e       0x1e src/state.o
                0x000000000000390e                std::queue<state*, std::deque<state*, std::allocator<state*> > >::front()
 .text._ZNSt5queueIP5stateSt5dequeIS1_SaIS1_EEE3popEv
                0x000000000000392c       0x1f src/state.o
                0x000000000000392c                std::queue<state*, std::deque<state*, std::allocator<state*> > >::pop()
 *fill*         0x000000000000394b        0x1 
 .text._ZNSt3setIiSt4lessIiESaIiEE4findERKi
                0x000000000000394c       0x67 src/state.o
                0x000000000000394c                std::set<int, std::less<int>, std::allocator<int> >::find(int const&)
 *fill*         0x00000000000039b3        0x1 
 .text._ZNKSt3setIiSt4lessIiESaIiEE4sizeEv
                0x00000000000039b4       0x1e src/state.o
                0x00000000000039b4                std::set<int, std::less<int>, std::allocator<int> >::size() const
 .text._ZNSt3setIiSt4lessIiESaIiEE6insertEOi
                0x00000000000039d2       0x85 src/state.o
                0x00000000000039d2                std::set<int, std::less<int>, std::allocator<int> >::insert(int&&)
 *fill*         0x0000000000003a57        0x1 
 .text._ZNSt3mapIiSt6vectorIiSaIiEESt4lessIiESaISt4pairIKiS2_EEE5clearEv
                0x0000000000003a58       0x1f src/state.o
                0x0000000000003a58                std::map<int, std::vector<int, std::allocator<int> >, std::less<int>, std::allocator<std::pair<int const, std::vector<int, std::allocator<int> > > > >::clear()
 *fill*         0x0000000000003a77        0x1 
 .text._ZNSt3mapIiSt6vectorIiSaIiEESt4lessIiESaISt4pairIKiS2_EEEixERS6_
                0x0000000000003a78      0x121 src/state.o
                0x0000000000003a78                std::map<int, std::vector<int, std::allocator<int> >, std::less<int>, std::allocator<std::pair<int const, std::vector<int, std::allocator<int> > > > >::operator[](int const&)
 *fill*         0x0000000000003b99        0x1 
 .text._ZNSt6vectorIiSaIiEE9push_backERKi
                0x0000000000003b9a       0x7f src/state.o
                0x0000000000003b9a                std::vector<int, std::allocator<int> >::push_back(int const&)
 .text._ZN9__gnu_cxx14__alloc_traitsISaISt13_Rb_tree_nodeISt4pairIKiSt6vectorIiSaIiEEEEES8_E27_S_propagate_on_copy_assignEv
                0x0000000000003c19        0xf src/state.o
                0x0000000000003c19                __gnu_cxx::__alloc_traits<std::allocator<std::_Rb_tree_node<std::pair<int const, std::vector<int, std::allocator<int> > > > >, std::_Rb_tree_node<std::pair<int const, std::vector<int, std::allocator<int> > > > >::_S_propagate_on_copy_assign()
 .text._ZNSt8_Rb_treeIiSt4pairIKiSt6vectorIiSaIiEEESt10_Select1stIS5_ESt4lessIiESaIS5_EEaSERKSB_
                0x0000000000003c28      0x15a src/state.o
                0x0000000000003c28                std::_Rb_tree<int, std::pair<int const, std::vector<int, std::allocator<int> > >, std::_Select1st<std::pair<int const, std::vector<int, std::allocator<int> > > >, std::less<int>, std::allocator<std::pair<int const, std::vector<int, std::allocator<int> > > > >::operator=(std::_Rb_tree<int, std::pair<int const, std::vector<int, std::allocator<int> > >, std::_Select1st<std::pair<int const, std::vector<int, std::allocator<int> > > >, std::less<int>, std::allocator<std::pair<int const, std::vector<int, std::allocator<int> > > > > const&)
 .text._ZNSt6vectorISt4pairIiSt3mapIiS_IiSaIiEESt4lessIiESaIS0_IKiS3_EEEESaISA_EE9push_backERKSA_
                0x0000000000003d82       0x7f src/state.o
                0x0000000000003d82                std::vector<std::pair<int, std::map<int, std::vector<int, std::allocator<int> >, std::less<int>, std::allocator<std::pair<int const, std::vector<int, std::allocator<int> > > > > >, std::allocator<std::pair<int, std::map<int, std::vector<int, std::allocator<int> >, std::less<int>, std::allocator<std::pair<int const, std::vector<int, std::allocator<int> > > > > > > >::push_back(std::pair<int, std::map<int, std::vector<int, std::allocator<int> >, std::less<int>, std::allocator<std::pair<int const, std::vector<int, std::allocator<int> > > > > > const&)
 *fill*         0x0000000000003e01        0x1 
 .text._ZNSaISt13_Rb_tree_nodeIiEEC2Ev
                0x0000000000003e02       0x1f src/state.o
                0x0000000000003e02                std::allocator<std::_Rb_tree_node<int> >::allocator()
                0x0000000000003e02                std::allocator<std::_Rb_tree_node<int> >::allocator()
 *fill*         0x0000000000003e21        0x1 
 .text._ZNSt20_Rb_tree_key_compareISt4lessIiEEC2Ev
                0x0000000000003e22        0xf src/state.o
                0x0000000000003e22                std::_Rb_tree_key_compare<std::less<int> >::_Rb_tree_key_compare()
                0x0000000000003e22                std::_Rb_tree_key_compare<std::less<int> >::_Rb_tree_key_compare()
 *fill*         0x0000000000003e31        0x1 
 .text._ZN9__gnu_cxx13new_allocatorISt13_Rb_tree_nodeIiEED2Ev
                0x0000000000003e32        0xf src/state.o
                0x0000000000003e32                __gnu_cxx::new_allocator<std::_Rb_tree_node<int> >::~new_allocator()
                0x0000000000003e32                __gnu_cxx::new_allocator<std::_Rb_tree_node<int> >::~new_allocator()
 *fill*         0x0000000000003e41        0x1 
 .text._ZNSt8_Rb_treeIiiSt9_IdentityIiESt4lessIiESaIiEE8_M_eraseEPSt13_Rb_tree_nodeIiE
                0x0000000000003e42       0x69 src/state.o
                0x0000000000003e42                std::_Rb_tree<int, int, std::_Identity<int>, std::less<int>, std::allocator<int> >::_M_erase(std::_Rb_tree_node<int>*)
 *fill*         0x0000000000003eab        0x1 
 .text._ZNSt8_Rb_treeIiiSt9_IdentityIiESt4lessIiESaIiEE8_M_beginEv
                0x0000000000003eac       0x16 src/state.o
                0x0000000000003eac                std::_Rb_tree<int, int, std::_Identity<int>, std::less<int>, std::allocator<int> >::_M_begin()
 .text._ZNSt8_Rb_treeIiiSt9_IdentityIiESt4lessIiESaIiEE16_M_insert_uniqueIRKiEESt4pairISt17_Rb_tree_iteratorIiEbEOT_
                0x0000000000003ec2      0x10b src/state.o
                0x0000000000003ec2                std::pair<std::_Rb_tree_iterator<int>, bool> std::_Rb_tree<int, int, std::_Identity<int>, std::less<int>, std::allocator<int> >::_M_insert_unique<int const&>(int const&)
 *fill*         0x0000000000003fcd        0x1 
 .text._ZNSt4pairISt23_Rb_tree_const_iteratorIiEbEC2IRSt17_Rb_tree_iteratorIiERbLb1EEEOT_OT0_
                0x0000000000003fce       0x52 src/state.o
                0x0000000000003fce                std::pair<std::_Rb_tree_const_iterator<int>, bool>::pair<std::_Rb_tree_iterator<int>&, bool&, true>(std::_Rb_tree_iterator<int>&, bool&)
                0x0000000000003fce                std::pair<std::_Rb_tree_const_iterator<int>, bool>::pair<std::_Rb_tree_iterator<int>&, bool&, true>(std::_Rb_tree_iterator<int>&, bool&)
 .text._ZNKSt8_Rb_treeIiiSt9_IdentityIiESt4lessIiESaIiEE5beginEv
                0x0000000000004020       0x50 src/state.o
                0x0000000000004020                std::_Rb_tree<int, int, std::_Identity<int>, std::less<int>, std::allocator<int> >::begin() const
 .text._ZNKSt8_Rb_treeIiiSt9_IdentityIiESt4lessIiESaIiEE3endEv
                0x0000000000004070       0x50 src/state.o
                0x0000000000004070                std::_Rb_tree<int, int, std::_Identity<int>, std::less<int>, std::allocator<int> >::end() const
 .text._ZNKSt13_Rb_tree_nodeIiE9_M_valptrEv
                0x00000000000040c0       0x22 src/state.o
                0x00000000000040c0                std::_Rb_tree_node<int>::_M_valptr() const
 .text._ZNSt5dequeIP5stateSaIS1_EEC2Ev
                0x00000000000040e2       0x1f src/state.o
                0x00000000000040e2                std::deque<state*, std::allocator<state*> >::deque()
                0x00000000000040e2                std::deque<state*, std::allocator<state*> >::deque()
 *fill*         0x0000000000004101        0x1 
 .text._ZNSt11_Deque_baseIP5stateSaIS1_EE11_Deque_implD2Ev
                0x0000000000004102       0x1f src/state.o
                0x0000000000004102                std::_Deque_base<state*, std::allocator<state*> >::_Deque_impl::~_Deque_impl()
                0x0000000000004102                std::_Deque_base<state*, std::allocator<state*> >::_Deque_impl::~_Deque_impl()
 *fill*         0x0000000000004121        0x1 
 .text._ZNSt11_Deque_baseIP5stateSaIS1_EED2Ev
                0x0000000000004122       0x6c src/state.o
                0x0000000000004122                std::_Deque_base<state*, std::allocator<state*> >::~_Deque_base()
                0x0000000000004122                std::_Deque_base<state*, std::allocator<state*> >::~_Deque_base()
 .text._ZNSt5dequeIP5stateSaIS1_EE5beginEv
                0x000000000000418e       0x31 src/state.o
                0x000000000000418e                std::deque<state*, std::allocator<state*> >::begin()
 *fill*         0x00000000000041bf        0x1 
 .text._ZNSt5dequeIP5stateSaIS1_EE3endEv
                0x00000000000041c0       0x31 src/state.o
                0x00000000000041c0                std::deque<state*, std::allocator<state*> >::end()
 *fill*         0x00000000000041f1        0x1 
 .text._ZNSt11_Deque_baseIP5stateSaIS1_EE19_M_get_Tp_allocatorEv
                0x00000000000041f2       0x12 src/state.o
                0x00000000000041f2                std::_Deque_base<state*, std::allocator<state*> >::_M_get_Tp_allocator()
 .text._ZNSt15_Deque_iteratorIP5stateRS1_PS1_EC2ERKS4_
                0x0000000000004204       0x51 src/state.o
                0x0000000000004204                std::_Deque_iterator<state*, state*&, state**>::_Deque_iterator(std::_Deque_iterator<state*, state*&, state**> const&)
                0x0000000000004204                std::_Deque_iterator<state*, state*&, state**>::_Deque_iterator(std::_Deque_iterator<state*, state*&, state**> const&)
 *fill*         0x0000000000004255        0x1 
 .text._ZNSt5dequeIP5stateSaIS1_EE15_M_destroy_dataESt15_Deque_iteratorIS1_RS1_PS1_ES7_RKS2_
                0x0000000000004256       0x42 src/state.o
                0x0000000000004256                std::deque<state*, std::allocator<state*> >::_M_destroy_data(std::_Deque_iterator<state*, state*&, state**>, std::_Deque_iterator<state*, state*&, state**>, std::allocator<state*> const&)
 .text._ZNSt5dequeIP5stateSaIS1_EE9push_backERKS1_
                0x0000000000004298       0x74 src/state.o
                0x0000000000004298                std::deque<state*, std::allocator<state*> >::push_back(state* const&)
 .text._ZNKSt5dequeIP5stateSaIS1_EE5emptyEv
                0x000000000000430c       0x2d src/state.o
                0x000000000000430c                std::deque<state*, std::allocator<state*> >::empty() const
 *fill*         0x0000000000004339        0x1 
 .text._ZNSt5dequeIP5stateSaIS1_EE4backEv
                0x000000000000433a       0x60 src/state.o
                0x000000000000433a                std::deque<state*, std::allocator<state*> >::back()
 .text._ZNSt5dequeIP5stateSaIS1_EE8pop_backEv
                0x000000000000439a       0x61 src/state.o
                0x000000000000439a                std::deque<state*, std::allocator<state*> >::pop_back()
 *fill*         0x00000000000043fb        0x1 
 .text._ZNSt8_Rb_treeIiSt4pairIKiSt6vectorIiSaIiEEESt10_Select1stIS5_ESt4lessIiESaIS5_EE5beginEv
                0x00000000000043fc       0x50 src/state.o
                0x00000000000043fc                std::_Rb_tree<int, std::pair<int const, std::vector<int, std::allocator<int> > >, std::_Select1st<std::pair<int const, std::vector<int, std::allocator<int> > > >, std::less<int>, std::allocator<std::pair<int const, std::vector<int, std::allocator<int> > > > >::begin()
 .text._ZNSt8_Rb_treeIiSt4pairIKiSt6vectorIiSaIiEEESt10_Select1stIS5_ESt4lessIiESaIS5_EE3endEv
                0x000000000000444c       0x50 src/state.o
                0x000000000000444c                std::_Rb_tree<int, std::pair<int const, std::vector<int, std::allocator<int> > >, std::_Select1st<std::pair<int const, std::vector<int, std::allocator<int> > > >, std::less<int>, std::allocator<std::pair<int const, std::vector<int, std::allocator<int> > > > >::end()
 .text._ZNSt13_Rb_tree_nodeISt4pairIKiSt6vectorIiSaIiEEEE9_M_valptrEv
                0x000000000000449c       0x22 src/state.o
                0x000000000000449c                std::_Rb_tree_node<std::pair<int const, std::vector<int, std::allocator<int> > > >::_M_valptr()
 .text._ZNSaISt4pairIiSt3mapIiSt6vectorIiSaIiEESt4lessIiESaIS_IKiS3_EEEEEC2Ev
                0x00000000000044be       0x1f src/state.o
                0x00000000000044be                std::allocator<std::pair<int, std::map<int, std::vector<int, std::allocator<int> >, std::less<int>, std::allocator<std::pair<int const, std::vector<int, std::allocator<int> > > > > > >::allocator()
                0x00000000000044be                std::allocator<std::pair<int, std::map<int, std::vector<int, std::allocator<int> >, std::less<int>, std::allocator<std::pair<int const, std::vector<int, std::allocator<int> > > > > > >::allocator()
 *fill*         0x00000000000044dd        0x1 
 .text._ZNSt12_Vector_baseISt4pairIiSt3mapIiSt6vectorIiSaIiEESt4lessIiESaIS0_IKiS4_EEEESaISB_EE17_Vector_impl_dataC2Ev
                0x00000000000044de       0x32 src/state.o
                0x00000000000044de                std::_Vector_base<std::pair<int, std::map<int, std::vector<int, std::allocator<int> >, std::less<int>, std::allocator<std::pair<int const, std::vector<int, std::allocator<int> > > > > >, std::allocator<std::pair<int, std::map<int, std::vector<int, std::allocator<int> >, std::less<int>, std::allocator<std::pair<int const, std::vector<int, std::allocator<int> > > > > > > >::_Vector_impl_data::_Vector_impl_data()
                0x00000000000044de                std::_Vector_base<std::pair<int, std::map<int, std::vector<int, std::allocator<int> >, std::less<int>, std::allocator<std::pair<int const, std::vector<int, std::allocator<int> > > > > >, std::allocator<std::pair<int, std::map<int, std::vector<int, std::allocator<int> >, std::less<int>, std::allocator<std::pair<int const, std::vector<int, std::allocator<int> > > > > > > >::_Vector_impl_data::_Vector_impl_data()
 .text._ZN9__gnu_cxx13new_allocatorISt4pairIiSt3mapIiSt6vectorIiSaIiEESt4lessIiESaIS1_IKiS5_EEEEED2Ev
                0x0000000000004510        0xf src/state.o
                0x0000000000004510                __gnu_cxx::new_allocator<std::pair<int, std::map<int, std::vector<int, std::allocator<int> >, std::less<int>, std::allocator<std::pair<int const, std::vector<int, std::allocator<int> > > > > > >::~new_allocator()
                0x0000000000004510                __gnu_cxx::new_allocator<std::pair<int, std::map<int, std::vector<int, std::allocator<int> >, std::less<int>, std::allocator<std::pair<int const, std::vector<int, std::allocator<int> > > > > > >::~new_allocator()
 *fill*         0x000000000000451f        0x1 
 .text._ZNSt12_Vector_baseISt4pairIiSt3mapIiSt6vectorIiSaIiEESt4lessIiESaIS0_IKiS4_EEEESaISB_EE13_M_deallocateEPSB_m
                0x0000000000004520       0x39 src/state.o
                0x0000000000004520                std::_Vector_base<std::pair<int, std::map<int, std::vector<int, std::allocator<int> >, std::less<int>, std::allocator<std::pair<int const, std::vector<int, std::allocator<int> > > > > >, std::allocator<std::pair<int, std::map<int, std::vector<int, std::allocator<int> >, std::less<int>, std::allocator<std::pair<int const, std::vector<int, std::allocator<int> > > > > > > >::_M_deallocate(std::pair<int, std::map<int, std::vector<int, std::allocator<int> >, std::less<int>, std::allocator<std::pair<int const, std::vector<int, std::allocator<int> > > > > >*, unsigned long)
 *fill*         0x0000000000004559        0x1 
 .text._ZNSt12_Vector_baseISt4pairIiSt3mapIiSt6vectorIiSaIiEESt4lessIiESaIS0_IKiS4_EEEESaISB_EE19_M_get_Tp_allocatorEv
                0x000000000000455a       0x12 src/state.o
                0x000000000000455a                std::_Vector_base<std::pair<int, std::map<int, std::vector<int, std::allocator<int> >, std::less<int>, std::allocator<std::pair<int const, std::vector<int, std::allocator<int> > > > > >, std::allocator<std::pair<int, std::map<int, std::vector<int, std::allocator<int> >, std::less<int>, std::allocator<std::pair<int const, std::vector<int, std::allocator<int> > > > > > > >::_M_get_Tp_allocator()
 .text._ZSt8_DestroyIPSt4pairIiSt3mapIiSt6vectorIiSaIiEESt4lessIiESaIS0_IKiS4_EEEESB_EvT_SD_RSaIT0_E
                0x000000000000456c       0x2e src/state.o
                0x000000000000456c                void std::_Destroy<std::pair<int, std::map<int, std::vector<int, std::allocator<int> >, std::less<int>, std::allocator<std::pair<int const, std::vector<int, std::allocator<int> > > > > >*, std::pair<int, std::map<int, std::vector<int, std::allocator<int> >, std::less<int>, std::allocator<std::pair<int const, std::vector<int, std::allocator<int> > > > > > >(std::pair<int, std::map<int, std::vector<int, std::allocator<int> >, std::less<int>, std::allocator<std::pair<int const, std::vector<int, std::allocator<int> > > > > >*, std::pair<int, std::map<int, std::vector<int, std::allocator<int> >, std::less<int>, std::allocator<std::pair<int const, std::vector<int, std::allocator<int> > > > > >*, std::allocator<std::pair<int, std::map<int, std::vector<int, std::allocator<int> >, std::less<int>, std::allocator<std::pair<int const, std::vector<int, std::allocator<int> > > > > > >&)
 .text._ZNSaISt13_Rb_tree_nodeISt4pairIKiSt6vectorIiSaIiEEEEEC2Ev
                0x000000000000459a       0x1f src/state.o
                0x000000000000459a                std::allocator<std::_Rb_tree_node<std::pair<int const, std::vector<int, std::allocator<int> > > > >::allocator()
                0x000000000000459a                std::allocator<std::_Rb_tree_node<std::pair<int const, std::vector<int, std::allocator<int> > > > >::allocator()
 *fill*         0x00000000000045b9        0x1 
 .text._ZN9__gnu_cxx13new_allocatorISt13_Rb_tree_nodeISt4pairIKiSt6vectorIiSaIiEEEEED2Ev
                0x00000000000045ba        0xf src/state.o
                0x00000000000045ba                __gnu_cxx::new_allocator<std::_Rb_tree_node<std::pair<int const, std::vector<int, std::allocator<int> > > > >::~new_allocator()
                0x00000000000045ba                __gnu_cxx::new_allocator<std::_Rb_tree_node<std::pair<int const, std::vector<int, std::allocator<int> > > > >::~new_allocator()
 *fill*         0x00000000000045c9        0x1 
 .text._ZNSt8_Rb_treeIiSt4pairIKiSt6vectorIiSaIiEEESt10_Select1stIS5_ESt4lessIiESaIS5_EE8_M_eraseEPSt13_Rb_tree_nodeIS5_E
                0x00000000000045ca       0x69 src/state.o
                0x00000000000045ca                std::_Rb_tree<int, std::pair<int const, std::vector<int, std::allocator<int> > >, std::_Select1st<std::pair<int const, std::vector<int, std::allocator<int> > > >, std::less<int>, std::allocator<std::pair<int const, std::vector<int, std::allocator<int> > > > >::_M_erase(std::_Rb_tree_node<std::pair<int const, std::vector<int, std::allocator<int> > > >*)
 *fill*         0x0000000000004633        0x1 
 .text._ZNSt8_Rb_treeIiSt4pairIKiSt6vectorIiSaIiEEESt10_Select1stIS5_ESt4lessIiESaIS5_EE8_M_beginEv
                0x0000000000004634       0x16 src/state.o
                0x0000000000004634                std::_Rb_tree<int, std::pair<int const, std::vector<int, std::allocator<int> > >, std::_Select1st<std::pair<int const, std::vector<int, std::allocator<int> > > >, std::less<int>, std::allocator<std::pair<int const, std::vector<int, std::allocator<int> > > > >::_M_begin()
 .text._ZNSt5dequeIP5stateSaIS1_EE5frontEv
                0x000000000000464a       0x54 src/state.o
                0x000000000000464a                std::deque<state*, std::allocator<state*> >::front()
 .text._ZNSt5dequeIP5stateSaIS1_EE9pop_frontEv
                0x000000000000469e       0x65 src/state.o
                0x000000000000469e                std::deque<state*, std::allocator<state*> >::pop_front()
 *fill*         0x0000000000004703        0x1 
 .text._ZNSt8_Rb_treeIiiSt9_IdentityIiESt4lessIiESaIiEE4findERKi
                0x0000000000004704       0xd6 src/state.o
                0x0000000000004704                std::_Rb_tree<int, int, std::_Identity<int>, std::less<int>, std::allocator<int> >::find(int const&)
 .text._ZNSt23_Rb_tree_const_iteratorIiEC2ERKSt17_Rb_tree_iteratorIiE
                0x00000000000047da       0x21 src/state.o
                0x00000000000047da                std::_Rb_tree_const_iterator<int>::_Rb_tree_const_iterator(std::_Rb_tree_iterator<int> const&)
                0x00000000000047da                std::_Rb_tree_const_iterator<int>::_Rb_tree_const_iterator(std::_Rb_tree_iterator<int> const&)
 *fill*         0x00000000000047fb        0x1 
 .text._ZNKSt8_Rb_treeIiiSt9_IdentityIiESt4lessIiESaIiEE4sizeEv
                0x00000000000047fc       0x16 src/state.o
                0x00000000000047fc                std::_Rb_tree<int, int, std::_Identity<int>, std::less<int>, std::allocator<int> >::size() const
 .text._ZSt4moveIRiEONSt16remove_referenceIT_E4typeEOS2_
                0x0000000000004812       0x12 src/state.o
                0x0000000000004812                std::remove_reference<int&>::type&& std::move<int&>(int&)
 .text._ZNSt8_Rb_treeIiiSt9_IdentityIiESt4lessIiESaIiEE16_M_insert_uniqueIiEESt4pairISt17_Rb_tree_iteratorIiEbEOT_
                0x0000000000004824      0x10b src/state.o
                0x0000000000004824                std::pair<std::_Rb_tree_iterator<int>, bool> std::_Rb_tree<int, int, std::_Identity<int>, std::less<int>, std::allocator<int> >::_M_insert_unique<int>(int&&)
 *fill*         0x000000000000492f        0x1 
 .text._ZNSt8_Rb_treeIiSt4pairIKiSt6vectorIiSaIiEEESt10_Select1stIS5_ESt4lessIiESaIS5_EE5clearEv
                0x0000000000004930       0x41 src/state.o
                0x0000000000004930                std::_Rb_tree<int, std::pair<int const, std::vector<int, std::allocator<int> > >, std::_Select1st<std::pair<int const, std::vector<int, std::allocator<int> > > >, std::less<int>, std::allocator<std::pair<int const, std::vector<int, std::allocator<int> > > > >::clear()
 *fill*         0x0000000000004971        0x1 
 .text._ZNSt3mapIiSt6vectorIiSaIiEESt4lessIiESaISt4pairIKiS2_EEE11lower_boundERS6_
                0x0000000000004972       0x29 src/state.o
                0x0000000000004972                std::map<int, std::vector<int, std::allocator<int> >, std::less<int>, std::allocator<std::pair<int const, std::vector<int, std::allocator<int> > > > >::lower_bound(int const&)
 .text._ZSteqRKSt17_Rb_tree_iteratorISt4pairIKiSt6vectorIiSaIiEEEES8_
                0x000000000000499b       0x26 src/state.o
                0x000000000000499b                std::operator==(std::_Rb_tree_iterator<std::pair<int const, std::vector<int, std::allocator<int> > > > const&, std::_Rb_tree_iterator<std::pair<int const, std::vector<int, std::allocator<int> > > > const&)
 *fill*         0x00000000000049c1        0x1 
 .text._ZNKSt3mapIiSt6vectorIiSaIiEESt4lessIiESaISt4pairIKiS2_EEE8key_compEv
                0x00000000000049c2       0x26 src/state.o
                0x00000000000049c2                std::map<int, std::vector<int, std::allocator<int> >, std::less<int>, std::allocator<std::pair<int const, std::vector<int, std::allocator<int> > > > >::key_comp() const
 .text._ZNKSt17_Rb_tree_iteratorISt4pairIKiSt6vectorIiSaIiEEEEdeEv
                0x00000000000049e8       0x21 src/state.o
                0x00000000000049e8                std::_Rb_tree_iterator<std::pair<int const, std::vector<int, std::allocator<int> > > >::operator*() const
 *fill*         0x0000000000004a09        0x1 
 .text._ZNKSt4lessIiEclERKiS2_
                0x0000000000004a0a       0x27 src/state.o
                0x0000000000004a0a                std::less<int>::operator()(int const&, int const&) const
 *fill*         0x0000000000004a31        0x1 
 .text._ZNSt5tupleIJRKiEEC2IvLb1EEES1_
                0x0000000000004a32       0x2a src/state.o
                0x0000000000004a32                std::tuple<int const&>::tuple<void, true>(int const&)
                0x0000000000004a32                std::tuple<int const&>::tuple<void, true>(int const&)
 .text._ZNSt23_Rb_tree_const_iteratorISt4pairIKiSt6vectorIiSaIiEEEEC2ERKSt17_Rb_tree_iteratorIS5_E
                0x0000000000004a5c       0x21 src/state.o
                0x0000000000004a5c                std::_Rb_tree_const_iterator<std::pair<int const, std::vector<int, std::allocator<int> > > >::_Rb_tree_const_iterator(std::_Rb_tree_iterator<std::pair<int const, std::vector<int, std::allocator<int> > > > const&)
                0x0000000000004a5c                std::_Rb_tree_const_iterator<std::pair<int const, std::vector<int, std::allocator<int> > > >::_Rb_tree_const_iterator(std::_Rb_tree_iterator<std::pair<int const, std::vector<int, std::allocator<int> > > > const&)
 *fill*         0x0000000000004a7d        0x1 
 .text._ZNSt8_Rb_treeIiSt4pairIKiSt6vectorIiSaIiEEESt10_Select1stIS5_ESt4lessIiESaIS5_EE22_M_emplace_hint_uniqueIJRKSt21piecewise_construct_tSt5tupleIJRS1_EESG_IJEEEEESt17_Rb_tree_iteratorIS5_ESt23_Rb_tree_const_iteratorIS5_EDpOT_
                0x0000000000004a7e      0x146 src/state.o
                0x0000000000004a7e                std::_Rb_tree_iterator<std::pair<int const, std::vector<int, std::allocator<int> > > > std::_Rb_tree<int, std::pair<int const, std::vector<int, std::allocator<int> > >, std::_Select1st<std::pair<int const, std::vector<int, std::allocator<int> > > >, std::less<int>, std::allocator<std::pair<int const, std::vector<int, std::allocator<int> > > > >::_M_emplace_hint_unique<std::piecewise_construct_t const&, std::tuple<int const&>, std::tuple<> >(std::_Rb_tree_const_iterator<std::pair<int const, std::vector<int, std::allocator<int> > > >, std::piecewise_construct_t const&, std::tuple<int const&>&&, std::tuple<>&&)
 .text._ZNSt16allocator_traitsISaIiEE9constructIiJRKiEEEvRS0_PT_DpOT0_
                0x0000000000004bc4       0x3d src/state.o
                0x0000000000004bc4                void std::allocator_traits<std::allocator<int> >::construct<int, int const&>(std::allocator<int>&, int*, int const&)
 *fill*         0x0000000000004c01        0x1 
 .text._ZNSt6vectorIiSaIiEE3endEv
                0x0000000000004c02       0x50 src/state.o
                0x0000000000004c02                std::vector<int, std::allocator<int> >::end()
 .text._ZNSt6vectorIiSaIiEE15_S_use_relocateEv
                0x0000000000004c52       0x36 src/state.o
                0x0000000000004c52                std::vector<int, std::allocator<int> >::_S_use_relocate()
 .text._ZNSt6vectorIiSaIiEE19_S_nothrow_relocateESt17integral_constantIbLb1EE
                0x0000000000004c88        0xf src/state.o
                0x0000000000004c88                std::vector<int, std::allocator<int> >::_S_nothrow_relocate(std::integral_constant<bool, true>)
 *fill*         0x0000000000004c97        0x1 
 .text._ZNSt6vectorIiSaIiEE17_M_realloc_insertIJRKiEEEvN9__gnu_cxx17__normal_iteratorIPiS1_EEDpOT_
                0x0000000000004c98      0x2f7 src/state.o
                0x0000000000004c98                void std::vector<int, std::allocator<int> >::_M_realloc_insert<int const&>(__gnu_cxx::__normal_iterator<int*, std::vector<int, std::allocator<int> > >, int const&)
 *fill*         0x0000000000004f8f        0x1 
 .text._ZNSt8_Rb_treeIiSt4pairIKiSt6vectorIiSaIiEEESt10_Select1stIS5_ESt4lessIiESaIS5_EE21_M_get_Node_allocatorEv
                0x0000000000004f90       0x12 src/state.o
                0x0000000000004f90                std::_Rb_tree<int, std::pair<int const, std::vector<int, std::allocator<int> > >, std::_Select1st<std::pair<int const, std::vector<int, std::allocator<int> > > >, std::less<int>, std::allocator<std::pair<int const, std::vector<int, std::allocator<int> > > > >::_M_get_Node_allocator()
 .text._ZNKSt8_Rb_treeIiSt4pairIKiSt6vectorIiSaIiEEESt10_Select1stIS5_ESt4lessIiESaIS5_EE21_M_get_Node_allocatorEv
                0x0000000000004fa2       0x12 src/state.o
                0x0000000000004fa2                std::_Rb_tree<int, std::pair<int const, std::vector<int, std::allocator<int> > >, std::_Select1st<std::pair<int const, std::vector<int, std::allocator<int> > > >, std::less<int>, std::allocator<std::pair<int const, std::vector<int, std::allocator<int> > > > >::_M_get_Node_allocator() const
 .text._ZStneRKSaISt13_Rb_tree_nodeISt4pairIKiSt6vectorIiSaIiEEEEES9_
                0x0000000000004fb4       0x17 src/state.o
                0x0000000000004fb4                std::operator!=(std::allocator<std::_Rb_tree_node<std::pair<int const, std::vector<int, std::allocator<int> > > > > const&, std::allocator<std::_Rb_tree_node<std::pair<int const, std::vector<int, std::allocator<int> > > > > const&)
 .text._ZSt15__alloc_on_copyISaISt13_Rb_tree_nodeISt4pairIKiSt6vectorIiSaIiEEEEEEvRT_RKS9_
                0x0000000000004fcb       0x4d src/state.o
                0x0000000000004fcb                void std::__alloc_on_copy<std::allocator<std::_Rb_tree_node<std::pair<int const, std::vector<int, std::allocator<int> > > > > >(std::allocator<std::_Rb_tree_node<std::pair<int const, std::vector<int, std::allocator<int> > > > >&, std::allocator<std::_Rb_tree_node<std::pair<int const, std::vector<int, std::allocator<int> > > > > const&)
 .text._ZNSt8_Rb_treeIiSt4pairIKiSt6vectorIiSaIiEEESt10_Select1stIS5_ESt4lessIiESaIS5_EE20_Reuse_or_alloc_nodeC2ERSB_
                0x0000000000005018       0x9e src/state.o
                0x0000000000005018                std::_Rb_tree<int, std::pair<int const, std::vector<int, std::allocator<int> > >, std::_Select1st<std::pair<int const, std::vector<int, std::allocator<int> > > >, std::less<int>, std::allocator<std::pair<int const, std::vector<int, std::allocator<int> > > > >::_Reuse_or_alloc_node::_Reuse_or_alloc_node(std::_Rb_tree<int, std::pair<int const, std::vector<int, std::allocator<int> > >, std::_Select1st<std::pair<int const, std::vector<int, std::allocator<int> > > >, std::less<int>, std::allocator<std::pair<int const, std::vector<int, std::allocator<int> > > > >&)
                0x0000000000005018                std::_Rb_tree<int, std::pair<int const, std::vector<int, std::allocator<int> > >, std::_Select1st<std::pair<int const, std::vector<int, std::allocator<int> > > >, std::less<int>, std::allocator<std::pair<int const, std::vector<int, std::allocator<int> > > > >::_Reuse_or_alloc_node::_Reuse_or_alloc_node(std::_Rb_tree<int, std::pair<int const, std::vector<int, std::allocator<int> > >, std::_Select1st<std::pair<int const, std::vector<int, std::allocator<int> > > >, std::less<int>, std::allocator<std::pair<int const, std::vector<int, std::allocator<int> > > > >&)
 .text._ZNSt8_Rb_treeIiSt4pairIKiSt6vectorIiSaIiEEESt10_Select1stIS5_ESt4lessIiESaIS5_EE20_Reuse_or_alloc_nodeD2Ev
                0x00000000000050b6       0x2d src/state.o
                0x00000000000050b6                std::_Rb_tree<int, std::pair<int const, std::vector<int, std::allocator<int> > >, std::_Select1st<std::pair<int const, std::vector<int, std::allocator<int> > > >, std::less<int>, std::allocator<std::pair<int const, std::vector<int, std::allocator<int> > > > >::_Reuse_or_alloc_node::~_Reuse_or_alloc_node()
                0x00000000000050b6                std::_Rb_tree<int, std::pair<int const, std::vector<int, std::allocator<int> > >, std::_Select1st<std::pair<int const, std::vector<int, std::allocator<int> > > >, std::less<int>, std::allocator<std::pair<int const, std::vector<int, std::allocator<int> > > > >::_Reuse_or_alloc_node::~_Reuse_or_alloc_node()
 *fill*         0x00000000000050e3        0x1 
 .text._ZNKSt8_Rb_treeIiSt4pairIKiSt6vectorIiSaIiEEESt10_Select1stIS5_ESt4lessIiESaIS5_EE7_M_rootEv
                0x00000000000050e4       0x16 src/state.o
                0x00000000000050e4                std::_Rb_tree<int, std::pair<int const, std::vector<int, std::allocator<int> > >, std::_Select1st<std::pair<int const, std::vector<int, std::allocator<int> > > >, std::less<int>, std::allocator<std::pair<int const, std::vector<int, std::allocator<int> > > > >::_M_root() const
 .text._ZNSt8_Rb_treeIiSt4pairIKiSt6vectorIiSaIiEEESt10_Select1stIS5_ESt4lessIiESaIS5_EE7_M_rootEv
                0x00000000000050fa       0x16 src/state.o
                0x00000000000050fa                std::_Rb_tree<int, std::pair<int const, std::vector<int, std::allocator<int> > >, std::_Select1st<std::pair<int const, std::vector<int, std::allocator<int> > > >, std::less<int>, std::allocator<std::pair<int const, std::vector<int, std::allocator<int> > > > >::_M_root()
 .text._ZNSt8_Rb_treeIiSt4pairIKiSt6vectorIiSaIiEEESt10_Select1stIS5_ESt4lessIiESaIS5_EE7_M_copyINSB_20_Reuse_or_alloc_nodeEEEPSt13_Rb_tree_nodeIS5_ERKSB_RT_
                0x0000000000005110       0xa8 src/state.o
                0x0000000000005110                std::_Rb_tree_node<std::pair<int const, std::vector<int, std::allocator<int> > > >* std::_Rb_tree<int, std::pair<int const, std::vector<int, std::allocator<int> > >, std::_Select1st<std::pair<int const, std::vector<int, std::allocator<int> > > >, std::less<int>, std::allocator<std::pair<int const, std::vector<int, std::allocator<int> > > > >::_M_copy<std::_Rb_tree<int, std::pair<int const, std::vector<int, std::allocator<int> > >, std::_Select1st<std::pair<int const, std::vector<int, std::allocator<int> > > >, std::less<int>, std::allocator<std::pair<int const, std::vector<int, std::allocator<int> > > > >::_Reuse_or_alloc_node>(std::_Rb_tree<int, std::pair<int const, std::vector<int, std::allocator<int> > >, std::_Select1st<std::pair<int const, std::vector<int, std::allocator<int> > > >, std::less<int>, std::allocator<std::pair<int const, std::vector<int, std::allocator<int> > > > > const&, std::_Rb_tree<int, std::pair<int const, std::vector<int, std::allocator<int> > >, std::_Select1st<std::pair<int const, std::vector<int, std::allocator<int> > > >, std::less<int>, std::allocator<std::pair<int const, std::vector<int, std::allocator<int> > > > >::_Reuse_or_alloc_node&)
 .text._ZNSt16allocator_traitsISaISt4pairIiSt3mapIiSt6vectorIiSaIiEESt4lessIiESaIS0_IKiS4_EEEEEE9constructISB_JRKSB_EEEvRSC_PT_DpOT0_
                0x00000000000051b8       0x3d src/state.o
                0x00000000000051b8                void std::allocator_traits<std::allocator<std::pair<int, std::map<int, std::vector<int, std::allocator<int> >, std::less<int>, std::allocator<std::pair<int const, std::vector<int, std::allocator<int> > > > > > > >::construct<std::pair<int, std::map<int, std::vector<int, std::allocator<int> >, std::less<int>, std::allocator<std::pair<int const, std::vector<int, std::allocator<int> > > > > >, std::pair<int, std::map<int, std::vector<int, std::allocator<int> >, std::less<int>, std::allocator<std::pair<int const, std::vector<int, std::allocator<int> > > > > > const&>(std::allocator<std::pair<int, std::map<int, std::vector<int, std::allocator<int> >, std::less<int>, std::allocator<std::pair<int const, std::vector<int, std::allocator<int> > > > > > >&, std::pair<int, std::map<int, std::vector<int, std::allocator<int> >, std::less<int>, std::allocator<std::pair<int const, std::vector<int, std::allocator<int> > > > > >*, std::pair<int, std::map<int, std::vector<int, std::allocator<int> >, std::less<int>, std::allocator<std::pair<int const, std::vector<int, std::allocator<int> > > > > > const&)
 *fill*         0x00000000000051f5        0x1 
 .text._ZNSt6vectorISt4pairIiSt3mapIiS_IiSaIiEESt4lessIiESaIS0_IKiS3_EEEESaISA_EE3endEv
                0x00000000000051f6       0x50 src/state.o
                0x00000000000051f6                std::vector<std::pair<int, std::map<int, std::vector<int, std::allocator<int> >, std::less<int>, std::allocator<std::pair<int const, std::vector<int, std::allocator<int> > > > > >, std::allocator<std::pair<int, std::map<int, std::vector<int, std::allocator<int> >, std::less<int>, std::allocator<std::pair<int const, std::vector<int, std::allocator<int> > > > > > > >::end()
 .text._ZNSt6vectorISt4pairIiSt3mapIiS_IiSaIiEESt4lessIiESaIS0_IKiS3_EEEESaISA_EE15_S_use_relocateEv
                0x0000000000005246       0x36 src/state.o
                0x0000000000005246                std::vector<std::pair<int, std::map<int, std::vector<int, std::allocator<int> >, std::less<int>, std::allocator<std::pair<int const, std::vector<int, std::allocator<int> > > > > >, std::allocator<std::pair<int, std::map<int, std::vector<int, std::allocator<int> >, std::less<int>, std::allocator<std::pair<int const, std::vector<int, std::allocator<int> > > > > > > >::_S_use_relocate()
 .text._ZNSt6vectorISt4pairIiSt3mapIiS_IiSaIiEESt4lessIiESaIS0_IKiS3_EEEESaISA_EE19_S_nothrow_relocateESt17integral_constantIbLb1EE
                0x000000000000527c        0xf src/state.o
                0x000000000000527c                std::vector<std::pair<int, std::map<int, std::vector<int, std::allocator<int> >, std::less<int>, std::allocator<std::pair<int const, std::vector<int, std::allocator<int> > > > > >, std::allocator<std::pair<int, std::map<int, std::vector<int, std::allocator<int> >, std::less<int>, std::allocator<std::pair<int const, std::vector<int, std::allocator<int> > > > > > > >::_S_nothrow_relocate(std::integral_constant<bool, true>)
 *fill*         0x000000000000528b        0x1 
 .text._ZNSt6vectorISt4pairIiSt3mapIiS_IiSaIiEESt4lessIiESaIS0_IKiS3_EEEESaISA_EE17_M_realloc_insertIJRKSA_EEEvN9__gnu_cxx17__normal_iteratorIPSA_SC_EEDpOT_
                0x000000000000528c      0x327 src/state.o
                0x000000000000528c                void std::vector<std::pair<int, std::map<int, std::vector<int, std::allocator<int> >, std::less<int>, std::allocator<std::pair<int const, std::vector<int, std::allocator<int> > > > > >, std::allocator<std::pair<int, std::map<int, std::vector<int, std::allocator<int> >, std::less<int>, std::allocator<std::pair<int const, std::vector<int, std::allocator<int> > > > > > > >::_M_realloc_insert<std::pair<int, std::map<int, std::vector<int, std::allocator<int> >, std::less<int>, std::allocator<std::pair<int const, std::vector<int, std::allocator<int> > > > > > const&>(__gnu_cxx::__normal_iterator<std::pair<int, std::map<int, std::vector<int, std::allocator<int> >, std::less<int>, std::allocator<std::pair<int const, std::vector<int, std::allocator<int> > > > > >*, std::vector<std::pair<int, std::map<int, std::vector<int, std::allocator<int> >, std::less<int>, std::allocator<std::pair<int const, std::vector<int, std::allocator<int> > > > > >, std::allocator<std::pair<int, std::map<int, std::vector<int, std::allocator<int> >, std::less<int>, std::allocator<std::pair<int const, std::vector<int, std::allocator<int> > > > > > > > >, std::pair<int, std::map<int, std::vector<int, std::allocator<int> >, std::less<int>, std::allocator<std::pair<int const, std::vector<int, std::allocator<int> > > > > > const&)
 *fill*         0x00000000000055b3        0x1 
 .text._ZN9__gnu_cxx13new_allocatorISt13_Rb_tree_nodeIiEEC2Ev
                0x00000000000055b4        0xf src/state.o
                0x00000000000055b4                __gnu_cxx::new_allocator<std::_Rb_tree_node<int> >::new_allocator()
                0x00000000000055b4                __gnu_cxx::new_allocator<std::_Rb_tree_node<int> >::new_allocator()
 .text._ZNSt8_Rb_treeIiiSt9_IdentityIiESt4lessIiESaIiEE8_S_rightEPSt18_Rb_tree_node_base
                0x00000000000055c3       0x16 src/state.o
                0x00000000000055c3                std::_Rb_tree<int, int, std::_Identity<int>, std::less<int>, std::allocator<int> >::_S_right(std::_Rb_tree_node_base*)
 .text._ZNSt8_Rb_treeIiiSt9_IdentityIiESt4lessIiESaIiEE7_S_leftEPSt18_Rb_tree_node_base
                0x00000000000055d9       0x16 src/state.o
                0x00000000000055d9                std::_Rb_tree<int, int, std::_Identity<int>, std::less<int>, std::allocator<int> >::_S_left(std::_Rb_tree_node_base*)
 *fill*         0x00000000000055ef        0x1 
 .text._ZNSt8_Rb_treeIiiSt9_IdentityIiESt4lessIiESaIiEE12_M_drop_nodeEPSt13_Rb_tree_nodeIiE
                0x00000000000055f0       0x3d src/state.o
                0x00000000000055f0                std::_Rb_tree<int, int, std::_Identity<int>, std::less<int>, std::allocator<int> >::_M_drop_node(std::_Rb_tree_node<int>*)
 *fill*         0x000000000000562d        0x1 
 .text._ZNSt8_Rb_treeIiiSt9_IdentityIiESt4lessIiESaIiEE24_M_get_insert_unique_posERKi
                0x000000000000562e      0x19d src/state.o
                0x000000000000562e                std::_Rb_tree<int, int, std::_Identity<int>, std::less<int>, std::allocator<int> >::_M_get_insert_unique_pos(int const&)
 *fill*         0x00000000000057cb        0x1 
 .text._ZNKSt9_IdentityIiEclERKi
                0x00000000000057cc       0x16 src/state.o
                0x00000000000057cc                std::_Identity<int>::operator()(int const&) const
 .text._ZNSt8_Rb_treeIiiSt9_IdentityIiESt4lessIiESaIiEE11_Alloc_nodeC2ERS5_
                0x00000000000057e2       0x1e src/state.o
                0x00000000000057e2                std::_Rb_tree<int, int, std::_Identity<int>, std::less<int>, std::allocator<int> >::_Alloc_node::_Alloc_node(std::_Rb_tree<int, int, std::_Identity<int>, std::less<int>, std::allocator<int> >&)
                0x00000000000057e2                std::_Rb_tree<int, int, std::_Identity<int>, std::less<int>, std::allocator<int> >::_Alloc_node::_Alloc_node(std::_Rb_tree<int, int, std::_Identity<int>, std::less<int>, std::allocator<int> >&)
 .text._ZSt7forwardIRKiEOT_RNSt16remove_referenceIS2_E4typeE
                0x0000000000005800       0x12 src/state.o
                0x0000000000005800                int const& std::forward<int const&>(std::remove_reference<int const&>::type&)
 .text._ZNSt8_Rb_treeIiiSt9_IdentityIiESt4lessIiESaIiEE10_M_insert_IRKiNS5_11_Alloc_nodeEEESt17_Rb_tree_iteratorIiEPSt18_Rb_tree_node_baseSD_OT_RT0_
                0x0000000000005812      0x117 src/state.o
                0x0000000000005812                std::_Rb_tree_iterator<int> std::_Rb_tree<int, int, std::_Identity<int>, std::less<int>, std::allocator<int> >::_M_insert_<int const&, std::_Rb_tree<int, int, std::_Identity<int>, std::less<int>, std::allocator<int> >::_Alloc_node>(std::_Rb_tree_node_base*, std::_Rb_tree_node_base*, int const&, std::_Rb_tree<int, int, std::_Identity<int>, std::less<int>, std::allocator<int> >::_Alloc_node&)
 *fill*         0x0000000000005929        0x1 
 .text._ZNSt4pairISt17_Rb_tree_iteratorIiEbEC2IS1_bLb1EEEOT_OT0_
                0x000000000000592a       0x47 src/state.o
                0x000000000000592a                std::pair<std::_Rb_tree_iterator<int>, bool>::pair<std::_Rb_tree_iterator<int>, bool, true>(std::_Rb_tree_iterator<int>&&, bool&&)
                0x000000000000592a                std::pair<std::_Rb_tree_iterator<int>, bool>::pair<std::_Rb_tree_iterator<int>, bool, true>(std::_Rb_tree_iterator<int>&&, bool&&)
 *fill*         0x0000000000005971        0x1 
 .text._ZNSt17_Rb_tree_iteratorIiEC2EPSt18_Rb_tree_node_base
                0x0000000000005972       0x1e src/state.o
                0x0000000000005972                std::_Rb_tree_iterator<int>::_Rb_tree_iterator(std::_Rb_tree_node_base*)
                0x0000000000005972                std::_Rb_tree_iterator<int>::_Rb_tree_iterator(std::_Rb_tree_node_base*)
 .text._ZSt7forwardIRSt17_Rb_tree_iteratorIiEEOT_RNSt16remove_referenceIS3_E4typeE
                0x0000000000005990       0x12 src/state.o
                0x0000000000005990                std::_Rb_tree_iterator<int>& std::forward<std::_Rb_tree_iterator<int>&>(std::remove_reference<std::_Rb_tree_iterator<int>&>::type&)
 .text._ZSt7forwardIRbEOT_RNSt16remove_referenceIS1_E4typeE
                0x00000000000059a2       0x12 src/state.o
                0x00000000000059a2                bool& std::forward<bool&>(std::remove_reference<bool&>::type&)
 .text._ZNSt23_Rb_tree_const_iteratorIiEC2EPKSt18_Rb_tree_node_base
                0x00000000000059b4       0x1e src/state.o
                0x00000000000059b4                std::_Rb_tree_const_iterator<int>::_Rb_tree_const_iterator(std::_Rb_tree_node_base const*)
                0x00000000000059b4                std::_Rb_tree_const_iterator<int>::_Rb_tree_const_iterator(std::_Rb_tree_node_base const*)
 .text._ZNK9__gnu_cxx16__aligned_membufIiE6_M_ptrEv
                0x00000000000059d2       0x1e src/state.o
                0x00000000000059d2                __gnu_cxx::__aligned_membuf<int>::_M_ptr() const
 .text._ZNSt11_Deque_baseIP5stateSaIS1_EEC2Ev
                0x00000000000059f0       0x55 src/state.o
                0x00000000000059f0                std::_Deque_base<state*, std::allocator<state*> >::_Deque_base()
                0x00000000000059f0                std::_Deque_base<state*, std::allocator<state*> >::_Deque_base()
 *fill*         0x0000000000005a45        0x1 
 .text._ZNSaIP5stateED2Ev
                0x0000000000005a46       0x1f src/state.o
                0x0000000000005a46                std::allocator<state*>::~allocator()
                0x0000000000005a46                std::allocator<state*>::~allocator()
 *fill*         0x0000000000005a65        0x1 
 .text._ZNSt11_Deque_baseIP5stateSaIS1_EE16_M_destroy_nodesEPPS1_S5_
                0x0000000000005a66       0x4a src/state.o
                0x0000000000005a66                std::_Deque_base<state*, std::allocator<state*> >::_M_destroy_nodes(state***, state***)
 .text._ZNSt11_Deque_baseIP5stateSaIS1_EE17_M_deallocate_mapEPPS1_m
                0x0000000000005ab0       0x74 src/state.o
                0x0000000000005ab0                std::_Deque_base<state*, std::allocator<state*> >::_M_deallocate_map(state***, unsigned long)
 .text._ZNSt16allocator_traitsISaIP5stateEE9constructIS1_JRKS1_EEEvRS2_PT_DpOT0_
                0x0000000000005b24       0x3d src/state.o
                0x0000000000005b24                void std::allocator_traits<std::allocator<state*> >::construct<state*, state* const&>(std::allocator<state*>&, state**, state* const&)
 *fill*         0x0000000000005b61        0x1 
 .text._ZNSt5dequeIP5stateSaIS1_EE16_M_push_back_auxIJRKS1_EEEvDpOT_
                0x0000000000005b62       0xcf src/state.o
                0x0000000000005b62                void std::deque<state*, std::allocator<state*> >::_M_push_back_aux<state* const&>(state* const&)
 .text._ZSteqIP5stateRS1_PS1_EbRKSt15_Deque_iteratorIT_T0_T1_ESA_
                0x0000000000005c31       0x26 src/state.o
                0x0000000000005c31                bool std::operator==<state*, state*&, state**>(std::_Deque_iterator<state*, state*&, state**> const&, std::_Deque_iterator<state*, state*&, state**> const&)
 *fill*         0x0000000000005c57        0x1 
 .text._ZNSt15_Deque_iteratorIP5stateRS1_PS1_EmmEv
                0x0000000000005c58       0x66 src/state.o
                0x0000000000005c58                std::_Deque_iterator<state*, state*&, state**>::operator--()
 .text._ZNKSt15_Deque_iteratorIP5stateRS1_PS1_EdeEv
                0x0000000000005cbe       0x15 src/state.o
                0x0000000000005cbe                std::_Deque_iterator<state*, state*&, state**>::operator*() const
 .text._ZNSt16allocator_traitsISaIP5stateEE7destroyIS1_EEvRS2_PT_
                0x0000000000005cd3       0x2a src/state.o
                0x0000000000005cd3                void std::allocator_traits<std::allocator<state*> >::destroy<state*>(std::allocator<state*>&, state**)
 *fill*         0x0000000000005cfd        0x1 
 .text._ZNSt5dequeIP5stateSaIS1_EE15_M_pop_back_auxEv
                0x0000000000005cfe       0x82 src/state.o
                0x0000000000005cfe                std::deque<state*, std::allocator<state*> >::_M_pop_back_aux()
 .text._ZNSt17_Rb_tree_iteratorISt4pairIKiSt6vectorIiSaIiEEEEC2EPSt18_Rb_tree_node_base
                0x0000000000005d80       0x1e src/state.o
                0x0000000000005d80                std::_Rb_tree_iterator<std::pair<int const, std::vector<int, std::allocator<int> > > >::_Rb_tree_iterator(std::_Rb_tree_node_base*)
                0x0000000000005d80                std::_Rb_tree_iterator<std::pair<int const, std::vector<int, std::allocator<int> > > >::_Rb_tree_iterator(std::_Rb_tree_node_base*)
 .text._ZN9__gnu_cxx16__aligned_membufISt4pairIKiSt6vectorIiSaIiEEEE6_M_ptrEv
                0x0000000000005d9e       0x1e src/state.o
                0x0000000000005d9e                __gnu_cxx::__aligned_membuf<std::pair<int const, std::vector<int, std::allocator<int> > > >::_M_ptr()
 .text._ZN9__gnu_cxx13new_allocatorISt4pairIiSt3mapIiSt6vectorIiSaIiEESt4lessIiESaIS1_IKiS5_EEEEEC2Ev
                0x0000000000005dbc        0xf src/state.o
                0x0000000000005dbc                __gnu_cxx::new_allocator<std::pair<int, std::map<int, std::vector<int, std::allocator<int> >, std::less<int>, std::allocator<std::pair<int const, std::vector<int, std::allocator<int> > > > > > >::new_allocator()
                0x0000000000005dbc                __gnu_cxx::new_allocator<std::pair<int, std::map<int, std::vector<int, std::allocator<int> >, std::less<int>, std::allocator<std::pair<int const, std::vector<int, std::allocator<int> > > > > > >::new_allocator()
 .text._ZNSt16allocator_traitsISaISt4pairIiSt3mapIiSt6vectorIiSaIiEESt4lessIiESaIS0_IKiS4_EEEEEE10deallocateERSC_PSB_m
                0x0000000000005dcb       0x32 src/state.o
                0x0000000000005dcb                std::allocator_traits<std::allocator<std::pair<int, std::map<int, std::vector<int, std::allocator<int> >, std::less<int>, std::allocator<std::pair<int const, std::vector<int, std::allocator<int> > > > > > > >::deallocate(std::allocator<std::pair<int, std::map<int, std::vector<int, std::allocator<int> >, std::less<int>, std::allocator<std::pair<int const, std::vector<int, std::allocator<int> > > > > > >&, std::pair<int, std::map<int, std::vector<int, std::allocator<int> >, std::less<int>, std::allocator<std::pair<int const, std::vector<int, std::allocator<int> > > > > >*, unsigned long)
 .text._ZSt8_DestroyIPSt4pairIiSt3mapIiSt6vectorIiSaIiEESt4lessIiESaIS0_IKiS4_EEEEEvT_SD_
                0x0000000000005dfd       0x2a src/state.o
                0x0000000000005dfd                void std::_Destroy<std::pair<int, std::map<int, std::vector<int, std::allocator<int> >, std::less<int>, std::allocator<std::pair<int const, std::vector<int, std::allocator<int> > > > > >*>(std::pair<int, std::map<int, std::vector<int, std::allocator<int> >, std::less<int>, std::allocator<std::pair<int const, std::vector<int, std::allocator<int> > > > > >*, std::pair<int, std::map<int, std::vector<int, std::allocator<int> >, std::less<int>, std::allocator<std::pair<int const, std::vector<int, std::allocator<int> > > > > >*)
 *fill*         0x0000000000005e27        0x1 
 .text._ZN9__gnu_cxx13new_allocatorISt13_Rb_tree_nodeISt4pairIKiSt6vectorIiSaIiEEEEEC2Ev
                0x0000000000005e28        0xf src/state.o
                0x0000000000005e28                __gnu_cxx::new_allocator<std::_Rb_tree_node<std::pair<int const, std::vector<int, std::allocator<int> > > > >::new_allocator()
                0x0000000000005e28                __gnu_cxx::new_allocator<std::_Rb_tree_node<std::pair<int const, std::vector<int, std::allocator<int> > > > >::new_allocator()
 .text._ZNSt8_Rb_treeIiSt4pairIKiSt6vectorIiSaIiEEESt10_Select1stIS5_ESt4lessIiESaIS5_EE8_S_rightEPSt18_Rb_tree_node_base
                0x0000000000005e37       0x16 src/state.o
                0x0000000000005e37                std::_Rb_tree<int, std::pair<int const, std::vector<int, std::allocator<int> > >, std::_Select1st<std::pair<int const, std::vector<int, std::allocator<int> > > >, std::less<int>, std::allocator<std::pair<int const, std::vector<int, std::allocator<int> > > > >::_S_right(std::_Rb_tree_node_base*)
 .text._ZNSt8_Rb_treeIiSt4pairIKiSt6vectorIiSaIiEEESt10_Select1stIS5_ESt4lessIiESaIS5_EE7_S_leftEPSt18_Rb_tree_node_base
                0x0000000000005e4d       0x16 src/state.o
                0x0000000000005e4d                std::_Rb_tree<int, std::pair<int const, std::vector<int, std::allocator<int> > >, std::_Select1st<std::pair<int const, std::vector<int, std::allocator<int> > > >, std::less<int>, std::allocator<std::pair<int const, std::vector<int, std::allocator<int> > > > >::_S_left(std::_Rb_tree_node_base*)
 *fill*         0x0000000000005e63        0x1 
 .text._ZNSt8_Rb_treeIiSt4pairIKiSt6vectorIiSaIiEEESt10_Select1stIS5_ESt4lessIiESaIS5_EE12_M_drop_nodeEPSt13_Rb_tree_nodeIS5_E
                0x0000000000005e64       0x3d src/state.o
                0x0000000000005e64                std::_Rb_tree<int, std::pair<int const, std::vector<int, std::allocator<int> > >, std::_Select1st<std::pair<int const, std::vector<int, std::allocator<int> > > >, std::less<int>, std::allocator<std::pair<int const, std::vector<int, std::allocator<int> > > > >::_M_drop_node(std::_Rb_tree_node<std::pair<int const, std::vector<int, std::allocator<int> > > >*)
 *fill*         0x0000000000005ea1        0x1 
 .text._ZNSt5dequeIP5stateSaIS1_EE16_M_pop_front_auxEv
                0x0000000000005ea2       0x7e src/state.o
                0x0000000000005ea2                std::deque<state*, std::allocator<state*> >::_M_pop_front_aux()
 .text._ZNSt8_Rb_treeIiiSt9_IdentityIiESt4lessIiESaIiEE6_M_endEv
                0x0000000000005f20       0x16 src/state.o
                0x0000000000005f20                std::_Rb_tree<int, int, std::_Identity<int>, std::less<int>, std::allocator<int> >::_M_end()
 .text._ZNSt8_Rb_treeIiiSt9_IdentityIiESt4lessIiESaIiEE14_M_lower_boundEPSt13_Rb_tree_nodeIiEPSt18_Rb_tree_node_baseRKi
                0x0000000000005f36       0xbd src/state.o
                0x0000000000005f36                std::_Rb_tree<int, int, std::_Identity<int>, std::less<int>, std::allocator<int> >::_M_lower_bound(std::_Rb_tree_node<int>*, std::_Rb_tree_node_base*, int const&)
 *fill*         0x0000000000005ff3        0x1 
 .text._ZNSt8_Rb_treeIiiSt9_IdentityIiESt4lessIiESaIiEE3endEv
                0x0000000000005ff4       0x50 src/state.o
                0x0000000000005ff4                std::_Rb_tree<int, int, std::_Identity<int>, std::less<int>, std::allocator<int> >::end()
 .text._ZSteqRKSt17_Rb_tree_iteratorIiES2_
                0x0000000000006044       0x26 src/state.o
                0x0000000000006044                std::operator==(std::_Rb_tree_iterator<int> const&, std::_Rb_tree_iterator<int> const&)
 .text._ZNSt8_Rb_treeIiiSt9_IdentityIiESt4lessIiESaIiEE6_S_keyEPKSt18_Rb_tree_node_base
                0x000000000000606a       0x1e src/state.o